nohup: 忽略输入
Loading model from checkpoints_optimized_v3_human/model_step20000.pt
✓ Model loaded, using device: cuda

Loading structure from collect/data_lammps
  Atoms: 192
  Atom types: ['O', 'O', 'O', 'O', 'O', 'O', 'O', 'O', 'O', 'O', 'O', 'O', 'O', 'O', 'O', 'O', 'O', 'O', 'O', 'O', 'O', 'O', 'O', 'O', 'O', 'O', 'O', 'O', 'O', 'O', 'O', 'O', 'O', 'O', 'O', 'O', 'O', 'O', 'O', 'O', 'O', 'O', 'O', 'O', 'O', 'O', 'O', 'O', 'O', 'O', 'O', 'O', 'O', 'O', 'O', 'O', 'O', 'O', 'O', 'O', 'O', 'O', 'O', 'O', 'H', 'H', 'H', 'H', 'H', 'H', 'H', 'H', 'H', 'H', 'H', 'H', 'H', 'H', 'H', 'H', 'H', 'H', 'H', 'H', 'H', 'H', 'H', 'H', 'H', 'H', 'H', 'H', 'H', 'H', 'H', 'H', 'H', 'H', 'H', 'H', 'H', 'H', 'H', 'H', 'H', 'H', 'H', 'H', 'H', 'H', 'H', 'H', 'H', 'H', 'H', 'H', 'H', 'H', 'H', 'H', 'H', 'H', 'H', 'H', 'H', 'H', 'H', 'H', 'H', 'H', 'H', 'H', 'H', 'H', 'H', 'H', 'H', 'H', 'H', 'H', 'H', 'H', 'H', 'H', 'H', 'H', 'H', 'H', 'H', 'H', 'H', 'H', 'H', 'H', 'H', 'H', 'H', 'H', 'H', 'H', 'H', 'H', 'H', 'H', 'H', 'H', 'H', 'H', 'H', 'H', 'H', 'H', 'H', 'H', 'H', 'H', 'H', 'H', 'H', 'H', 'H', 'H', 'H', 'H', 'H', 'H', 'H', 'H', 'H', 'H', 'H', 'H']
  Box (Å):
[[12.4447  0.      0.    ]
 [ 0.     12.4447  0.    ]
 [ 0.      0.     12.4447]]

Running MD simulation:
  Steps: 40000
  Time step: 0.0005 ps
  Total time: 20.000 ps
  Initial temperature: 300.0 K
  Trajectory stride: 1

Step     Time (ps)    KE (eV)      PE (eV)      Total (eV)  
------------------------------------------------------------
1        0.0005       8.4820       526.6302     535.1122    
2        0.0010       12.7894      522.2473     535.0367    
3        0.0015       19.4400      515.5880     535.0280    
4        0.0020       27.6806      507.2594     534.9400    
5        0.0025       36.6105      498.2959     534.9064    
800      0.4000       66.2843      468.1749     534.4591    
1600     0.8000       70.0654      465.3573     535.4227    
2400     1.2000       196.7103     357.8058     554.5161    
3200     1.6000       325.9971     301.5474     627.5444    
4000     2.0000       362.8564     336.3842     699.2406    
4800     2.4000       393.9019     350.1849     744.0868    

✓ Checkpoint saved: md_v3_human_prod_20251231-031020_checkpoint_5000.npz (5000/40000 steps)

5600     2.8000       282.2578     460.5383     742.7960    
6400     3.2000       266.9066     493.0626     759.9692    
7200     3.6000       279.4029     485.5803     764.9832    
8000     4.0000       280.9619     492.8405     773.8024    
8800     4.4000       286.3285     495.0712     781.3997    
9600     4.8000       285.0325     495.4487     780.4813    

✓ Checkpoint saved: md_v3_human_prod_20251231-031020_checkpoint_10000.npz (10000/40000 steps)

