nohup: 忽略输入
================================================================
    启动 DeepMD 优化训练 (examples/data/water)
================================================================

[1] 激活conda环境: ai4m
[2] 验证环境...
PyTorch version: 2.4.1
[3] 设置环境变量...
  OMP_NUM_THREADS=8
  MKL_NUM_THREADS=8

[4] 训练配置:
  Batch size: 4
  Num workers: 2
  Epochs: 3

[5] 启动训练...
================================================================

======================================================================
DeepMD 优化训练测试 - examples/data/water
======================================================================
✓ CUDA优化已启用
  - cuDNN benchmark: True
  - TF32: True

======================================================================
GPU 信息
======================================================================
GPU 0: NVIDIA L20-8Q
  显存: 8.36 GB
  计算能力: 8.9
======================================================================


训练配置:
  数据: ['examples/data/water']
  Batch size: 4
  Num workers: 2
  Epochs: 3
  Learning rate: 0.001
  Rcut: 6.0
  Sel: [46, 92]

使用设备: cuda

[1] 加载数据...
Loaded 400 frames, 192 atoms per frame
Atom types distribution: [ 64 128]
训练集: 320 frames
测试集: 80 frames
Batch size: 4
Num workers: 2

[2] 创建模型...
模型参数量: 514,661

[3] 开始训练...
======================================================================
Traceback (most recent call last):
  File "/home/ubuntu/pj/train_example_optimized.py", line 351, in <module>
    main()
    ~~~~^^
  File "/home/ubuntu/pj/train_example_optimized.py", line 347, in main
    train(config)
    ~~~~~^^^^^^^^
  File "/home/ubuntu/pj/train_example_optimized.py", line 233, in train
    energy_pred, atomic_energies, force_pred = model.get_forces(positions, atom_types, box)
                                               ~~~~~~~~~~~~~~~~^^^^^^^^^^^^^^^^^^^^^^^^^^^^
  File "/home/ubuntu/pj/dpmini/model.py", line 170, in get_forces
    forces = -torch.autograd.grad(
              ~~~~~~~~~~~~~~~~~~~^
        total_energy,
        ^^^^^^^^^^^^^
    ...<2 lines>...
        retain_graph=True
        ^^^^^^^^^^^^^^^^^
    )[0]
    ^
  File "/home/ubuntu/miniforge3/envs/ai4m/lib/python3.13/site-packages/torch/autograd/__init__.py", line 436, in grad
    result = _engine_run_backward(
        t_outputs,
    ...<5 lines>...
        accumulate_grad=False,
    )
  File "/home/ubuntu/miniforge3/envs/ai4m/lib/python3.13/site-packages/torch/autograd/graph.py", line 769, in _engine_run_backward
    return Variable._execution_engine.run_backward(  # Calls into the C++ engine to run the backward pass
           ~~~~~~~~~~~~~~~~~~~~~~~~~~~~~~~~~~~~~~~^^^^^^^^^^^^^^^^^^^^^^^^^^^^^^^^^^^^^^^^^^^^^^^^^^^^^^^
        t_outputs, *args, **kwargs
        ^^^^^^^^^^^^^^^^^^^^^^^^^^
    )  # Calls into the C++ engine to run the backward pass
    ^
RuntimeError: element 0 of tensors does not require grad and does not have a grad_fn
