nohup: 忽略输入
================================================================================
CUDA Information
================================================================================
CUDA Available: True
PyTorch Version: 2.4.1
CUDA Version: 11.8
cuDNN Version: 91001
Number of GPUs: 1

GPU 0: NVIDIA L20-8Q
  Memory Allocated: 0.00 GB
  Memory Reserved: 0.00 GB
  Memory Total: 8.36 GB

CUDA optimizations enabled:
  - cuDNN auto-tuner: enabled
  - CUDA mixed precision: ready for use
================================================================================

Loading config from se_e2_a/input_torch.json
Loading training data from: ['se_e2_a/../collect/data0']
Loaded 1458 frames, 192 atoms per frame
Atom types distribution: [ 64 128]
Verbose: first batch shapes → positions=(8, 192, 3), atom_types=(8, 192), box=(8, 3, 3), target_energy=(8, 1), target_forces=(8, 192, 3))
Creating DeepMD model...
Model Parameters: 514661 (trainable: 514661)
Using device: cuda
Starting training for 100000 steps...
Batch size: 8, Dataset size: 1458
Number of workers: 8

Step     10 | batch_size= 8 | lr=9.82e-04 | loss=3.357332e+03 | e_loss=1.673956e+05 | f_loss=1.097823e+00 | pref_e=0.020 pref_f=999.910 | ETA 12.8h | speed 2.17 step/s (window 2.17) | GPU mem 26/182 MiB | util 24% | grad_norm 1.51e+00
Step     20 | batch_size= 8 | lr=9.62e-04 | loss=3.647455e+02 | e_loss=1.783188e+04 | f_loss=1.126746e+00 | pref_e=0.020 pref_f=999.810 | ETA 12.7h | speed 2.19 step/s (window 2.23) | GPU mem 25/182 MiB | util 23% | grad_norm 1.40e+00
Step     30 | batch_size= 8 | lr=9.42e-04 | loss=3.992254e+01 | e_loss=1.411409e+03 | f_loss=2.184732e+00 | pref_e=0.020 pref_f=999.710 | ETA 12.6h | speed 2.21 step/s (window 2.29) | GPU mem 25/182 MiB | util 23% | grad_norm 1.36e+00
Step     40 | batch_size= 8 | lr=9.23e-04 | loss=1.236440e+01 | e_loss=1.465457e+02 | f_loss=1.802946e+00 | pref_e=0.020 pref_f=999.610 | ETA 12.5h | speed 2.23 step/s (window 2.31) | GPU mem 25/182 MiB | util 23% | grad_norm 1.34e+00
Step     50 | batch_size= 8 | lr=9.04e-04 | loss=1.445166e+01 | e_loss=2.166472e+02 | f_loss=1.924418e+00 | pref_e=0.020 pref_f=999.510 | ETA 12.4h | speed 2.23 step/s (window 2.29) | GPU mem 25/182 MiB | util 23% | grad_norm 1.33e+00
Step     60 | batch_size= 8 | lr=8.86e-04 | loss=2.513237e+01 | e_loss=6.099848e+02 | f_loss=2.425273e+00 | pref_e=0.021 pref_f=999.411 | ETA 12.4h | speed 2.23 step/s (window 2.26) | GPU mem 25/182 MiB | util 23% | grad_norm 1.31e+00
Step     70 | batch_size= 8 | lr=8.68e-04 | loss=1.229621e+01 | e_loss=1.353895e+02 | f_loss=1.825439e+00 | pref_e=0.021 pref_f=999.311 | ETA 12.4h | speed 2.24 step/s (window 2.33) | GPU mem 25/182 MiB | util 24% | grad_norm 1.31e+00
Step     80 | batch_size= 8 | lr=8.50e-04 | loss=9.443796e+00 | e_loss=1.376550e+02 | f_loss=1.266272e+00 | pref_e=0.021 pref_f=999.211 | ETA 12.4h | speed 2.24 step/s (window 2.29) | GPU mem 25/182 MiB | util 23% | grad_norm 1.30e+00
Step     90 | batch_size= 8 | lr=8.33e-04 | loss=1.680552e+01 | e_loss=2.731792e+02 | f_loss=2.135918e+00 | pref_e=0.021 pref_f=999.111 | ETA 12.4h | speed 2.24 step/s (window 2.26) | GPU mem 26/182 MiB | util 23% | grad_norm 1.30e+00
Step    100 | batch_size= 8 | lr=8.16e-04 | loss=1.144465e+01 | e_loss=1.424805e+02 | f_loss=1.626090e+00 | pref_e=0.021 pref_f=999.011 | ETA 12.4h | speed 2.24 step/s (window 2.24) | GPU mem 26/182 MiB | util 23% | grad_norm 1.29e+00
Step    110 | batch_size= 8 | lr=8.00e-04 | loss=1.401859e+01 | e_loss=3.475507e+02 | f_loss=1.288769e+00 | pref_e=0.021 pref_f=998.911 | ETA 12.4h | speed 2.24 step/s (window 2.29) | GPU mem 25/182 MiB | util 24% | grad_norm 1.29e+00
Step    120 | batch_size= 8 | lr=7.83e-04 | loss=9.292938e+00 | e_loss=1.415667e+02 | f_loss=1.212005e+00 | pref_e=0.021 pref_f=998.811 | ETA 12.4h | speed 2.24 step/s (window 2.29) | GPU mem 26/182 MiB | util 23% | grad_norm 1.28e+00
Step    130 | batch_size= 8 | lr=7.67e-04 | loss=1.466206e+01 | e_loss=2.244629e+02 | f_loss=1.902247e+00 | pref_e=0.021 pref_f=998.711 | ETA 12.3h | speed 2.25 step/s (window 2.33) | GPU mem 26/182 MiB | util 24% | grad_norm 1.27e+00
Step    140 | batch_size= 8 | lr=7.52e-04 | loss=1.413967e+01 | e_loss=2.337088e+02 | f_loss=1.759277e+00 | pref_e=0.021 pref_f=998.611 | ETA 12.3h | speed 2.25 step/s (window 2.33) | GPU mem 25/182 MiB | util 24% | grad_norm 1.27e+00
Step    150 | batch_size= 8 | lr=7.37e-04 | loss=1.998691e+01 | e_loss=6.145309e+02 | f_loss=1.312638e+00 | pref_e=0.021 pref_f=998.511 | ETA 12.3h | speed 2.26 step/s (window 2.33) | GPU mem 25/182 MiB | util 24% | grad_norm 1.26e+00
Step    160 | batch_size= 8 | lr=7.22e-04 | loss=1.098937e+01 | e_loss=1.889501e+02 | f_loss=1.331563e+00 | pref_e=0.022 pref_f=998.412 | ETA 12.3h | speed 2.26 step/s (window 2.29) | GPU mem 25/182 MiB | util 24% | grad_norm 1.25e+00
Step    170 | batch_size= 8 | lr=7.07e-04 | loss=1.060943e+01 | e_loss=1.930178e+02 | f_loss=1.238913e+00 | pref_e=0.022 pref_f=998.312 | ETA 12.3h | speed 2.26 step/s (window 2.29) | GPU mem 26/182 MiB | util 23% | grad_norm 1.25e+00
Step    180 | batch_size= 8 | lr=6.93e-04 | loss=1.220497e+01 | e_loss=9.070174e+01 | f_loss=1.968591e+00 | pref_e=0.022 pref_f=998.212 | ETA 12.3h | speed 2.26 step/s (window 2.27) | GPU mem 25/182 MiB | util 23% | grad_norm 1.24e+00
Step    190 | batch_size= 8 | lr=6.79e-04 | loss=1.286716e+01 | e_loss=2.995118e+02 | f_loss=1.218507e+00 | pref_e=0.022 pref_f=998.112 | ETA 12.3h | speed 2.25 step/s (window 2.25) | GPU mem 26/182 MiB | util 23% | grad_norm 1.24e+00
Step    200 | batch_size= 8 | lr=6.65e-04 | loss=1.176605e+01 | e_loss=5.381162e+01 | f_loss=2.036786e+00 | pref_e=0.022 pref_f=998.012 | ETA 12.3h | speed 2.25 step/s (window 2.25) | GPU mem 25/182 MiB | util 23% | grad_norm 1.24e+00
Step    210 | batch_size= 8 | lr=6.51e-04 | loss=1.570755e+01 | e_loss=1.935580e+02 | f_loss=2.202581e+00 | pref_e=0.022 pref_f=997.912 | ETA 12.3h | speed 2.25 step/s (window 2.28) | GPU mem 25/182 MiB | util 23% | grad_norm 1.24e+00
Step    220 | batch_size= 8 | lr=6.38e-04 | loss=1.520434e+01 | e_loss=4.071349e+02 | f_loss=1.195322e+00 | pref_e=0.022 pref_f=997.812 | ETA 12.3h | speed 2.25 step/s (window 2.26) | GPU mem 25/182 MiB | util 23% | grad_norm 1.23e+00
Step    230 | batch_size= 8 | lr=6.25e-04 | loss=8.519564e+00 | e_loss=1.310691e+02 | f_loss=1.079657e+00 | pref_e=0.022 pref_f=997.712 | ETA 12.3h | speed 2.25 step/s (window 2.31) | GPU mem 25/182 MiB | util 24% | grad_norm 1.23e+00
Step    240 | batch_size= 8 | lr=6.12e-04 | loss=8.600374e+00 | e_loss=1.232512e+02 | f_loss=1.125631e+00 | pref_e=0.022 pref_f=997.612 | ETA 12.3h | speed 2.25 step/s (window 2.28) | GPU mem 26/182 MiB | util 23% | grad_norm 1.23e+00
Step    250 | batch_size= 8 | lr=6.00e-04 | loss=1.116534e+01 | e_loss=2.086676e+02 | f_loss=1.249410e+00 | pref_e=0.022 pref_f=997.512 | ETA 12.3h | speed 2.25 step/s (window 2.27) | GPU mem 26/182 MiB | util 23% | grad_norm 1.22e+00
Step    260 | batch_size= 8 | lr=5.88e-04 | loss=3.544911e+01 | e_loss=1.139295e+03 | f_loss=1.886304e+00 | pref_e=0.023 pref_f=997.413 | ETA 12.3h | speed 2.25 step/s (window 2.32) | GPU mem 25/182 MiB | util 24% | grad_norm 1.22e+00
Step    270 | batch_size= 8 | lr=5.76e-04 | loss=2.126893e+01 | e_loss=6.071873e+02 | f_loss=1.454163e+00 | pref_e=0.023 pref_f=997.313 | ETA 12.3h | speed 2.25 step/s (window 2.29) | GPU mem 26/182 MiB | util 23% | grad_norm 1.21e+00
Step    280 | batch_size= 8 | lr=5.64e-04 | loss=1.002955e+01 | e_loss=7.155531e+01 | f_loss=1.618426e+00 | pref_e=0.023 pref_f=997.213 | ETA 12.3h | speed 2.26 step/s (window 2.29) | GPU mem 26/182 MiB | util 23% | grad_norm 1.21e+00
Step    290 | batch_size= 8 | lr=5.53e-04 | loss=1.320681e+01 | e_loss=1.086981e+02 | f_loss=2.065781e+00 | pref_e=0.023 pref_f=997.113 | ETA 12.3h | speed 2.25 step/s (window 2.23) | GPU mem 26/182 MiB | util 23% | grad_norm 1.21e+00
Step    300 | batch_size= 8 | lr=5.42e-04 | loss=8.120350e+00 | e_loss=7.407813e+01 | f_loss=1.237044e+00 | pref_e=0.023 pref_f=997.013 | ETA 12.3h | speed 2.25 step/s (window 2.32) | GPU mem 25/182 MiB | util 24% | grad_norm 1.21e+00
Step    310 | batch_size= 8 | lr=5.31e-04 | loss=1.369413e+01 | e_loss=1.893703e+02 | f_loss=1.799012e+00 | pref_e=0.023 pref_f=996.913 | ETA 12.3h | speed 2.26 step/s (window 2.30) | GPU mem 25/182 MiB | util 23% | grad_norm 1.21e+00
Step    320 | batch_size= 8 | lr=5.20e-04 | loss=1.755271e+01 | e_loss=3.630596e+02 | f_loss=1.766314e+00 | pref_e=0.023 pref_f=996.813 | ETA 12.3h | speed 2.25 step/s (window 2.24) | GPU mem 25/182 MiB | util 23% | grad_norm 1.21e+00
Step    330 | batch_size= 8 | lr=5.09e-04 | loss=1.038525e+01 | e_loss=7.528238e+01 | f_loss=1.664653e+00 | pref_e=0.023 pref_f=996.713 | ETA 12.3h | speed 2.26 step/s (window 2.35) | GPU mem 25/182 MiB | util 24% | grad_norm 1.20e+00
Step    340 | batch_size= 8 | lr=4.99e-04 | loss=1.373285e+01 | e_loss=2.937322e+02 | f_loss=1.329200e+00 | pref_e=0.023 pref_f=996.613 | ETA 12.3h | speed 2.26 step/s (window 2.29) | GPU mem 25/182 MiB | util 23% | grad_norm 1.20e+00
Step    350 | batch_size= 8 | lr=4.89e-04 | loss=1.606957e+01 | e_loss=3.009088e+02 | f_loss=1.740399e+00 | pref_e=0.023 pref_f=996.513 | ETA 12.3h | speed 2.26 step/s (window 2.28) | GPU mem 25/182 MiB | util 23% | grad_norm 1.20e+00
Step    360 | batch_size= 8 | lr=4.79e-04 | loss=2.045364e+01 | e_loss=2.649061e+02 | f_loss=2.742831e+00 | pref_e=0.024 pref_f=996.414 | ETA 12.3h | speed 2.26 step/s (window 2.27) | GPU mem 25/182 MiB | util 23% | grad_norm 1.20e+00
Step    370 | batch_size= 8 | lr=4.69e-04 | loss=1.447782e+01 | e_loss=1.894974e+02 | f_loss=1.929770e+00 | pref_e=0.024 pref_f=996.314 | ETA 12.3h | speed 2.26 step/s (window 2.29) | GPU mem 25/182 MiB | util 23% | grad_norm 1.20e+00
Step    380 | batch_size= 8 | lr=4.60e-04 | loss=6.902800e+00 | e_loss=6.005864e+01 | f_loss=1.056235e+00 | pref_e=0.024 pref_f=996.214 | ETA 12.3h | speed 2.26 step/s (window 2.28) | GPU mem 26/182 MiB | util 23% | grad_norm 1.19e+00
Step    390 | batch_size= 8 | lr=4.50e-04 | loss=1.970645e+01 | e_loss=1.810290e+02 | f_loss=2.969131e+00 | pref_e=0.024 pref_f=996.114 | ETA 12.3h | speed 2.25 step/s (window 2.26) | GPU mem 26/182 MiB | util 23% | grad_norm 1.19e+00
Step    400 | batch_size= 8 | lr=4.41e-04 | loss=1.162093e+01 | e_loss=2.036116e+02 | f_loss=1.303042e+00 | pref_e=0.024 pref_f=996.014 | ETA 12.3h | speed 2.25 step/s (window 2.24) | GPU mem 26/182 MiB | util 23% | grad_norm 1.19e+00
Step    410 | batch_size= 8 | lr=4.32e-04 | loss=9.390109e+00 | e_loss=5.381668e+01 | f_loss=1.561614e+00 | pref_e=0.024 pref_f=995.914 | ETA 12.3h | speed 2.25 step/s (window 2.22) | GPU mem 25/182 MiB | util 23% | grad_norm 1.19e+00
Step    420 | batch_size= 8 | lr=4.23e-04 | loss=1.207721e+01 | e_loss=8.259217e+01 | f_loss=1.945280e+00 | pref_e=0.024 pref_f=995.814 | ETA 12.3h | speed 2.25 step/s (window 2.27) | GPU mem 25/182 MiB | util 23% | grad_norm 1.19e+00
Step    430 | batch_size= 8 | lr=4.15e-04 | loss=1.027505e+01 | e_loss=7.404604e+01 | f_loss=1.636021e+00 | pref_e=0.024 pref_f=995.714 | ETA 12.3h | speed 2.25 step/s (window 2.24) | GPU mem 25/182 MiB | util 23% | grad_norm 1.19e+00
Step    440 | batch_size= 8 | lr=4.06e-04 | loss=1.060290e+01 | e_loss=1.554437e+02 | f_loss=1.317849e+00 | pref_e=0.024 pref_f=995.614 | ETA 12.3h | speed 2.25 step/s (window 2.25) | GPU mem 25/182 MiB | util 23% | grad_norm 1.19e+00
Step    450 | batch_size= 8 | lr=3.98e-04 | loss=8.900070e+00 | e_loss=1.232716e+02 | f_loss=1.137188e+00 | pref_e=0.024 pref_f=995.514 | ETA 12.3h | speed 2.25 step/s (window 2.31) | GPU mem 25/182 MiB | util 24% | grad_norm 1.19e+00
Step    460 | batch_size= 8 | lr=3.90e-04 | loss=1.137807e+01 | e_loss=1.316424e+02 | f_loss=1.573553e+00 | pref_e=0.024 pref_f=995.415 | ETA 12.3h | speed 2.25 step/s (window 2.27) | GPU mem 25/182 MiB | util 23% | grad_norm 1.19e+00
Step    470 | batch_size= 8 | lr=3.82e-04 | loss=5.657554e+00 | e_loss=5.737998e+01 | f_loss=8.197970e-01 | pref_e=0.025 pref_f=995.315 | ETA 12.3h | speed 2.25 step/s (window 2.31) | GPU mem 25/182 MiB | util 24% | grad_norm 1.19e+00
Step    480 | batch_size= 8 | lr=3.74e-04 | loss=1.020186e+01 | e_loss=7.788350e+01 | f_loss=1.597620e+00 | pref_e=0.025 pref_f=995.215 | ETA 12.3h | speed 2.25 step/s (window 2.34) | GPU mem 25/182 MiB | util 24% | grad_norm 1.18e+00
Step    490 | batch_size= 8 | lr=3.67e-04 | loss=7.248637e+00 | e_loss=9.451621e+01 | f_loss=9.470975e-01 | pref_e=0.025 pref_f=995.115 | ETA 12.3h | speed 2.25 step/s (window 2.33) | GPU mem 25/182 MiB | util 24% | grad_norm 1.18e+00
Step    500 | batch_size= 8 | lr=3.59e-04 | loss=7.828660e+00 | e_loss=1.148720e+02 | f_loss=9.599531e-01 | pref_e=0.025 pref_f=995.015 | ETA 12.3h | speed 2.26 step/s (window 2.33) | GPU mem 25/182 MiB | util 24% | grad_norm 1.18e+00
Step    510 | batch_size= 8 | lr=3.52e-04 | loss=4.698197e+00 | e_loss=3.199751e+01 | f_loss=7.525766e-01 | pref_e=0.025 pref_f=994.915 | ETA 12.3h | speed 2.26 step/s (window 2.31) | GPU mem 26/182 MiB | util 24% | grad_norm 1.18e+00
Step    520 | batch_size= 8 | lr=3.45e-04 | loss=2.375814e+01 | e_loss=5.464075e+02 | f_loss=1.943536e+00 | pref_e=0.025 pref_f=994.815 | ETA 12.2h | speed 2.26 step/s (window 2.33) | GPU mem 25/182 MiB | util 24% | grad_norm 1.18e+00
Step    530 | batch_size= 8 | lr=3.38e-04 | loss=1.218122e+01 | e_loss=9.770983e+01 | f_loss=1.877152e+00 | pref_e=0.025 pref_f=994.715 | ETA 12.2h | speed 2.26 step/s (window 2.27) | GPU mem 25/182 MiB | util 23% | grad_norm 1.18e+00
Step    540 | batch_size= 8 | lr=3.31e-04 | loss=7.852192e+00 | e_loss=4.161119e+01 | f_loss=1.312936e+00 | pref_e=0.025 pref_f=994.615 | ETA 12.2h | speed 2.26 step/s (window 2.26) | GPU mem 25/182 MiB | util 23% | grad_norm 1.18e+00
Step    550 | batch_size= 8 | lr=3.24e-04 | loss=1.080121e+01 | e_loss=1.286160e+02 | f_loss=1.455794e+00 | pref_e=0.025 pref_f=994.515 | ETA 12.2h | speed 2.26 step/s (window 2.33) | GPU mem 26/182 MiB | util 24% | grad_norm 1.18e+00
Step    560 | batch_size= 8 | lr=3.18e-04 | loss=6.449540e+00 | e_loss=6.471848e+01 | f_loss=9.272704e-01 | pref_e=0.025 pref_f=994.416 | ETA 12.2h | speed 2.26 step/s (window 2.31) | GPU mem 26/182 MiB | util 23% | grad_norm 1.18e+00
Step    570 | batch_size= 8 | lr=3.11e-04 | loss=7.743842e+00 | e_loss=7.221907e+01 | f_loss=1.139216e+00 | pref_e=0.026 pref_f=994.316 | ETA 12.2h | speed 2.26 step/s (window 2.31) | GPU mem 26/182 MiB | util 23% | grad_norm 1.17e+00
Step    580 | batch_size= 8 | lr=3.05e-04 | loss=1.070649e+01 | e_loss=7.275411e+01 | f_loss=1.707327e+00 | pref_e=0.026 pref_f=994.216 | ETA 12.2h | speed 2.26 step/s (window 2.27) | GPU mem 25/182 MiB | util 23% | grad_norm 1.17e+00
Step    590 | batch_size= 8 | lr=2.99e-04 | loss=1.247434e+01 | e_loss=5.551048e+01 | f_loss=2.133329e+00 | pref_e=0.026 pref_f=994.116 | ETA 12.2h | speed 2.26 step/s (window 2.34) | GPU mem 26/182 MiB | util 24% | grad_norm 1.17e+00
Step    600 | batch_size= 8 | lr=2.93e-04 | loss=8.701941e+00 | e_loss=7.975343e+01 | f_loss=1.283206e+00 | pref_e=0.026 pref_f=994.016 | ETA 12.2h | speed 2.26 step/s (window 2.31) | GPU mem 25/182 MiB | util 23% | grad_norm 1.17e+00
Step    610 | batch_size= 8 | lr=2.87e-04 | loss=5.322765e+00 | e_loss=1.477491e+01 | f_loss=9.542008e-01 | pref_e=0.026 pref_f=993.916 | ETA 12.2h | speed 2.26 step/s (window 2.25) | GPU mem 25/182 MiB | util 22% | grad_norm 1.17e+00
Step    620 | batch_size= 8 | lr=2.81e-04 | loss=5.964080e+00 | e_loss=2.457910e+01 | f_loss=1.028542e+00 | pref_e=0.026 pref_f=993.816 | ETA 12.2h | speed 2.26 step/s (window 2.28) | GPU mem 25/182 MiB | util 23% | grad_norm 1.17e+00
Step    630 | batch_size= 8 | lr=2.75e-04 | loss=1.255771e+01 | e_loss=1.051403e+02 | f_loss=1.895986e+00 | pref_e=0.026 pref_f=993.716 | ETA 12.2h | speed 2.26 step/s (window 2.28) | GPU mem 26/182 MiB | util 23% | grad_norm 1.17e+00
Step    640 | batch_size= 8 | lr=2.70e-04 | loss=1.036947e+01 | e_loss=7.662004e+01 | f_loss=1.615649e+00 | pref_e=0.026 pref_f=993.616 | ETA 12.2h | speed 2.26 step/s (window 2.24) | GPU mem 26/182 MiB | util 23% | grad_norm 1.17e+00
Step    650 | batch_size= 8 | lr=2.64e-04 | loss=8.223789e+00 | e_loss=4.747578e+01 | f_loss=1.347664e+00 | pref_e=0.026 pref_f=993.516 | ETA 12.2h | speed 2.26 step/s (window 2.29) | GPU mem 25/182 MiB | util 24% | grad_norm 1.17e+00
Step    660 | batch_size= 8 | lr=2.59e-04 | loss=1.399960e+01 | e_loss=8.268059e+01 | f_loss=2.283543e+00 | pref_e=0.026 pref_f=993.417 | ETA 12.2h | speed 2.26 step/s (window 2.27) | GPU mem 25/182 MiB | util 23% | grad_norm 1.17e+00
Step    670 | batch_size= 8 | lr=2.53e-04 | loss=9.935401e+00 | e_loss=3.762896e+01 | f_loss=1.727565e+00 | pref_e=0.027 pref_f=993.317 | ETA 12.2h | speed 2.26 step/s (window 2.27) | GPU mem 25/182 MiB | util 23% | grad_norm 1.17e+00
Step    680 | batch_size= 8 | lr=2.48e-04 | loss=4.809743e+00 | e_loss=2.161117e+01 | f_loss=8.186252e-01 | pref_e=0.027 pref_f=993.217 | ETA 12.2h | speed 2.26 step/s (window 2.27) | GPU mem 25/182 MiB | util 23% | grad_norm 1.17e+00
Step    690 | batch_size= 8 | lr=2.43e-04 | loss=6.068624e+00 | e_loss=2.960095e+01 | f_loss=1.020419e+00 | pref_e=0.027 pref_f=993.117 | ETA 12.2h | speed 2.26 step/s (window 2.24) | GPU mem 26/182 MiB | util 23% | grad_norm 1.17e+00
Step    700 | batch_size= 8 | lr=2.38e-04 | loss=1.335324e+01 | e_loss=1.694959e+02 | f_loss=1.703724e+00 | pref_e=0.027 pref_f=993.017 | ETA 12.2h | speed 2.25 step/s (window 2.24) | GPU mem 26/182 MiB | util 23% | grad_norm 1.17e+00
Step    710 | batch_size= 8 | lr=2.34e-04 | loss=1.125896e+01 | e_loss=1.391176e+02 | f_loss=1.453590e+00 | pref_e=0.027 pref_f=992.917 | ETA 12.2h | speed 2.25 step/s (window 2.29) | GPU mem 26/182 MiB | util 23% | grad_norm 1.17e+00
Step    720 | batch_size= 8 | lr=2.29e-04 | loss=7.493706e+00 | e_loss=3.446282e+01 | f_loss=1.269364e+00 | pref_e=0.027 pref_f=992.817 | ETA 12.2h | speed 2.25 step/s (window 2.19) | GPU mem 25/182 MiB | util 22% | grad_norm 1.17e+00
Step    730 | batch_size= 8 | lr=2.24e-04 | loss=7.428566e+00 | e_loss=5.541267e+01 | f_loss=1.146269e+00 | pref_e=0.027 pref_f=992.717 | ETA 12.2h | speed 2.25 step/s (window 2.28) | GPU mem 26/182 MiB | util 23% | grad_norm 1.17e+00
Step    740 | batch_size= 8 | lr=2.20e-04 | loss=1.597422e+01 | e_loss=1.402560e+02 | f_loss=2.351851e+00 | pref_e=0.027 pref_f=992.617 | ETA 12.2h | speed 2.25 step/s (window 2.23) | GPU mem 26/182 MiB | util 23% | grad_norm 1.17e+00
Step    750 | batch_size= 8 | lr=2.15e-04 | loss=1.047405e+01 | e_loss=1.233745e+02 | f_loss=1.374378e+00 | pref_e=0.027 pref_f=992.517 | ETA 12.2h | speed 2.25 step/s (window 2.25) | GPU mem 25/182 MiB | util 23% | grad_norm 1.17e+00
Step    760 | batch_size= 8 | lr=2.11e-04 | loss=1.334360e+01 | e_loss=1.638535e+02 | f_loss=1.712512e+00 | pref_e=0.027 pref_f=992.418 | ETA 12.2h | speed 2.25 step/s (window 2.22) | GPU mem 25/182 MiB | util 23% | grad_norm 1.17e+00
Step    770 | batch_size= 8 | lr=2.06e-04 | loss=1.245583e+01 | e_loss=7.971410e+01 | f_loss=1.986069e+00 | pref_e=0.028 pref_f=992.318 | ETA 12.2h | speed 2.25 step/s (window 2.28) | GPU mem 26/182 MiB | util 23% | grad_norm 1.16e+00
Step    780 | batch_size= 8 | lr=2.02e-04 | loss=6.016460e+00 | e_loss=4.259962e+01 | f_loss=9.368146e-01 | pref_e=0.028 pref_f=992.218 | ETA 12.2h | speed 2.25 step/s (window 2.25) | GPU mem 26/182 MiB | util 23% | grad_norm 1.16e+00
Step    790 | batch_size= 8 | lr=1.98e-04 | loss=9.556337e+00 | e_loss=5.461336e+01 | f_loss=1.556716e+00 | pref_e=0.028 pref_f=992.118 | ETA 12.2h | speed 2.25 step/s (window 2.26) | GPU mem 26/182 MiB | util 23% | grad_norm 1.16e+00
Step    800 | batch_size= 8 | lr=1.94e-04 | loss=1.335848e+01 | e_loss=6.824568e+01 | f_loss=2.218324e+00 | pref_e=0.028 pref_f=992.018 | ETA 12.2h | speed 2.25 step/s (window 2.23) | GPU mem 25/182 MiB | util 23% | grad_norm 1.16e+00
Step    810 | batch_size= 8 | lr=1.90e-04 | loss=7.661833e+00 | e_loss=9.990217e+01 | f_loss=9.441889e-01 | pref_e=0.028 pref_f=991.918 | ETA 12.2h | speed 2.25 step/s (window 2.28) | GPU mem 25/182 MiB | util 23% | grad_norm 1.16e+00
Step    820 | batch_size= 8 | lr=1.86e-04 | loss=1.274992e+01 | e_loss=8.058990e+01 | f_loss=2.031611e+00 | pref_e=0.028 pref_f=991.818 | ETA 12.2h | speed 2.25 step/s (window 2.27) | GPU mem 25/182 MiB | util 23% | grad_norm 1.16e+00
Step    830 | batch_size= 8 | lr=1.83e-04 | loss=1.003129e+01 | e_loss=1.534846e+02 | f_loss=1.107840e+00 | pref_e=0.028 pref_f=991.718 | ETA 12.2h | speed 2.25 step/s (window 2.18) | GPU mem 25/182 MiB | util 22% | grad_norm 1.16e+00
Step    840 | batch_size= 8 | lr=1.79e-04 | loss=1.673110e+01 | e_loss=1.828701e+02 | f_loss=2.242365e+00 | pref_e=0.028 pref_f=991.618 | ETA 12.2h | speed 2.25 step/s (window 2.27) | GPU mem 26/182 MiB | util 23% | grad_norm 1.16e+00
Step    850 | batch_size= 8 | lr=1.75e-04 | loss=9.408262e+00 | e_loss=6.794045e+01 | f_loss=1.449883e+00 | pref_e=0.028 pref_f=991.518 | ETA 12.2h | speed 2.25 step/s (window 2.25) | GPU mem 25/182 MiB | util 23% | grad_norm 1.16e+00
Step    860 | batch_size= 8 | lr=1.72e-04 | loss=7.101996e+00 | e_loss=1.596514e+01 | f_loss=1.287547e+00 | pref_e=0.028 pref_f=991.419 | ETA 12.2h | speed 2.25 step/s (window 2.25) | GPU mem 26/182 MiB | util 23% | grad_norm 1.16e+00
Step    870 | batch_size= 8 | lr=1.68e-04 | loss=5.455471e+00 | e_loss=1.944934e+01 | f_loss=9.493706e-01 | pref_e=0.029 pref_f=991.319 | ETA 12.2h | speed 2.25 step/s (window 2.20) | GPU mem 25/182 MiB | util 22% | grad_norm 1.16e+00
Step    880 | batch_size= 8 | lr=1.65e-04 | loss=7.515927e+00 | e_loss=4.248547e+01 | f_loss=1.220534e+00 | pref_e=0.029 pref_f=991.219 | ETA 12.2h | speed 2.25 step/s (window 2.26) | GPU mem 25/182 MiB | util 23% | grad_norm 1.16e+00
Step    890 | batch_size= 8 | lr=1.61e-04 | loss=7.989266e+00 | e_loss=4.064436e+01 | f_loss=1.321698e+00 | pref_e=0.029 pref_f=991.119 | ETA 12.3h | speed 2.25 step/s (window 2.23) | GPU mem 25/182 MiB | util 23% | grad_norm 1.16e+00
Step    900 | batch_size= 8 | lr=1.58e-04 | loss=7.226861e+00 | e_loss=3.282775e+01 | f_loss=1.217038e+00 | pref_e=0.029 pref_f=991.019 | ETA 12.3h | speed 2.25 step/s (window 2.22) | GPU mem 25/182 MiB | util 23% | grad_norm 1.16e+00
Step    910 | batch_size= 8 | lr=1.55e-04 | loss=8.417446e+00 | e_loss=5.691078e+01 | f_loss=1.312698e+00 | pref_e=0.029 pref_f=990.919 | ETA 12.3h | speed 2.25 step/s (window 2.21) | GPU mem 26/182 MiB | util 23% | grad_norm 1.16e+00
Step    920 | batch_size= 8 | lr=1.52e-04 | loss=5.825834e+00 | e_loss=1.056249e+01 | f_loss=1.069570e+00 | pref_e=0.029 pref_f=990.819 | ETA 12.3h | speed 2.25 step/s (window 2.21) | GPU mem 25/182 MiB | util 22% | grad_norm 1.16e+00
Step    930 | batch_size= 8 | lr=1.49e-04 | loss=1.228095e+01 | e_loss=9.754645e+01 | f_loss=1.830989e+00 | pref_e=0.029 pref_f=990.719 | ETA 12.3h | speed 2.25 step/s (window 2.29) | GPU mem 25/182 MiB | util 22% | grad_norm 1.16e+00
Step    940 | batch_size= 8 | lr=1.46e-04 | loss=8.049582e+00 | e_loss=4.531249e+01 | f_loss=1.304122e+00 | pref_e=0.029 pref_f=990.619 | ETA 12.3h | speed 2.25 step/s (window 2.27) | GPU mem 26/182 MiB | util 23% | grad_norm 1.16e+00
Step    950 | batch_size= 8 | lr=1.43e-04 | loss=4.041438e+00 | e_loss=1.651614e+01 | f_loss=6.896137e-01 | pref_e=0.029 pref_f=990.519 | ETA 12.3h | speed 2.25 step/s (window 2.28) | GPU mem 26/182 MiB | util 23% | grad_norm 1.16e+00
Step    960 | batch_size= 8 | lr=1.40e-04 | loss=4.977964e+00 | e_loss=1.003814e+01 | f_loss=9.078225e-01 | pref_e=0.029 pref_f=990.420 | ETA 12.3h | speed 2.25 step/s (window 2.24) | GPU mem 25/182 MiB | util 23% | grad_norm 1.16e+00
Step    970 | batch_size= 8 | lr=1.37e-04 | loss=8.223206e+00 | e_loss=3.435888e+01 | f_loss=1.397853e+00 | pref_e=0.029 pref_f=990.320 | ETA 12.3h | speed 2.24 step/s (window 2.23) | GPU mem 25/182 MiB | util 23% | grad_norm 1.16e+00
Step    980 | batch_size= 8 | lr=1.34e-04 | loss=1.139478e+01 | e_loss=6.447242e+01 | f_loss=1.839686e+00 | pref_e=0.030 pref_f=990.220 | ETA 12.2h | speed 2.25 step/s (window 2.34) | GPU mem 25/182 MiB | util 24% | grad_norm 1.16e+00
Step    990 | batch_size= 8 | lr=1.31e-04 | loss=1.365740e+01 | e_loss=7.640322e+01 | f_loss=2.209129e+00 | pref_e=0.030 pref_f=990.120 | ETA 12.2h | speed 2.25 step/s (window 2.27) | GPU mem 25/182 MiB | util 23% | grad_norm 1.16e+00
Step   1000 | batch_size= 8 | lr=1.29e-04 | loss=9.170367e+00 | e_loss=7.605137e+01 | f_loss=1.339873e+00 | pref_e=0.030 pref_f=990.020 | ETA 12.2h | speed 2.24 step/s (window 2.22) | GPU mem 26/182 MiB | util 23% | grad_norm 1.16e+00
Step   1010 | batch_size= 8 | lr=1.26e-04 | loss=1.120182e+01 | e_loss=7.214505e+01 | f_loss=1.755065e+00 | pref_e=0.030 pref_f=989.920 | ETA 12.2h | speed 2.24 step/s (window 2.26) | GPU mem 26/182 MiB | util 23% | grad_norm 1.16e+00
Step   1020 | batch_size= 8 | lr=1.24e-04 | loss=1.097242e+01 | e_loss=7.183212e+01 | f_loss=1.710993e+00 | pref_e=0.030 pref_f=989.820 | ETA 12.2h | speed 2.24 step/s (window 2.25) | GPU mem 25/182 MiB | util 23% | grad_norm 1.16e+00
Step   1030 | batch_size= 8 | lr=1.21e-04 | loss=4.911834e+00 | e_loss=3.577168e+01 | f_loss=7.442547e-01 | pref_e=0.030 pref_f=989.720 | ETA 12.3h | speed 2.24 step/s (window 2.19) | GPU mem 25/182 MiB | util 22% | grad_norm 1.16e+00
Step   1040 | batch_size= 8 | lr=1.19e-04 | loss=1.185621e+01 | e_loss=9.867793e+01 | f_loss=1.723710e+00 | pref_e=0.030 pref_f=989.620 | ETA 12.3h | speed 2.24 step/s (window 2.26) | GPU mem 25/182 MiB | util 23% | grad_norm 1.16e+00
Step   1050 | batch_size= 8 | lr=1.16e-04 | loss=8.792315e+00 | e_loss=5.096582e+01 | f_loss=1.407004e+00 | pref_e=0.030 pref_f=989.520 | ETA 12.3h | speed 2.24 step/s (window 2.24) | GPU mem 25/182 MiB | util 23% | grad_norm 1.16e+00
Step   1060 | batch_size= 8 | lr=1.14e-04 | loss=1.330570e+01 | e_loss=5.186643e+01 | f_loss=2.276866e+00 | pref_e=0.030 pref_f=989.421 | ETA 12.2h | speed 2.24 step/s (window 2.29) | GPU mem 25/182 MiB | util 23% | grad_norm 1.16e+00
Step   1070 | batch_size= 8 | lr=1.12e-04 | loss=1.078433e+01 | e_loss=1.006845e+02 | f_loss=1.498398e+00 | pref_e=0.030 pref_f=989.321 | ETA 12.2h | speed 2.24 step/s (window 2.27) | GPU mem 26/182 MiB | util 23% | grad_norm 1.16e+00
Step   1080 | batch_size= 8 | lr=1.09e-04 | loss=6.449009e+00 | e_loss=2.047755e+01 | f_loss=1.130358e+00 | pref_e=0.031 pref_f=989.221 | ETA 12.2h | speed 2.24 step/s (window 2.23) | GPU mem 25/182 MiB | util 23% | grad_norm 1.16e+00
Step   1090 | batch_size= 8 | lr=1.07e-04 | loss=7.282980e+00 | e_loss=2.624794e+01 | f_loss=1.257514e+00 | pref_e=0.031 pref_f=989.121 | ETA 12.3h | speed 2.24 step/s (window 1.91) | GPU mem 25/182 MiB | util 66% | grad_norm 1.16e+00
Step   1100 | batch_size= 8 | lr=1.05e-04 | loss=1.121059e+01 | e_loss=4.835172e+01 | f_loss=1.887728e+00 | pref_e=0.031 pref_f=989.021 | ETA 12.3h | speed 2.23 step/s (window 1.42) | GPU mem 25/182 MiB | util 93% | grad_norm 1.16e+00
Step   1110 | batch_size= 8 | lr=1.03e-04 | loss=8.089525e+00 | e_loss=4.266916e+01 | f_loss=1.315118e+00 | pref_e=0.031 pref_f=988.921 | ETA 12.4h | speed 2.22 step/s (window 1.39) | GPU mem 26/182 MiB | util 92% | grad_norm 1.16e+00
Step   1120 | batch_size= 8 | lr=1.01e-04 | loss=6.537034e+00 | e_loss=2.056757e+01 | f_loss=1.145746e+00 | pref_e=0.031 pref_f=988.821 | ETA 12.5h | speed 2.20 step/s (window 1.42) | GPU mem 25/182 MiB | util 93% | grad_norm 1.16e+00
Step   1130 | batch_size= 8 | lr=9.87e-05 | loss=9.583596e+00 | e_loss=4.919504e+01 | f_loss=1.564847e+00 | pref_e=0.031 pref_f=988.721 | ETA 12.5h | speed 2.19 step/s (window 1.42) | GPU mem 26/182 MiB | util 92% | grad_norm 1.16e+00
Step   1140 | batch_size= 8 | lr=9.67e-05 | loss=1.734806e+01 | e_loss=1.423799e+02 | f_loss=2.508669e+00 | pref_e=0.031 pref_f=988.621 | ETA 12.6h | speed 2.18 step/s (window 1.42) | GPU mem 25/182 MiB | util 92% | grad_norm 1.16e+00
Step   1150 | batch_size= 8 | lr=9.47e-05 | loss=9.404540e+00 | e_loss=5.945350e+01 | f_loss=1.465944e+00 | pref_e=0.031 pref_f=988.521 | ETA 12.6h | speed 2.17 step/s (window 1.42) | GPU mem 26/182 MiB | util 93% | grad_norm 1.16e+00
Step   1160 | batch_size= 8 | lr=9.28e-05 | loss=5.525032e+00 | e_loss=2.039572e+01 | f_loss=9.491120e-01 | pref_e=0.031 pref_f=988.422 | ETA 12.7h | speed 2.16 step/s (window 1.42) | GPU mem 25/182 MiB | util 92% | grad_norm 1.16e+00
Step   1170 | batch_size= 8 | lr=9.09e-05 | loss=7.031746e+00 | e_loss=3.272524e+01 | f_loss=1.166368e+00 | pref_e=0.031 pref_f=988.322 | ETA 12.8h | speed 2.15 step/s (window 1.41) | GPU mem 26/182 MiB | util 92% | grad_norm 1.16e+00
Step   1180 | batch_size= 8 | lr=8.90e-05 | loss=8.075685e+00 | e_loss=3.695938e+01 | f_loss=1.342649e+00 | pref_e=0.032 pref_f=988.222 | ETA 12.8h | speed 2.14 step/s (window 1.46) | GPU mem 25/182 MiB | util 91% | grad_norm 1.16e+00
Step   1190 | batch_size= 8 | lr=8.72e-05 | loss=8.306863e+00 | e_loss=5.797830e+01 | f_loss=1.257951e+00 | pref_e=0.032 pref_f=988.122 | ETA 12.9h | speed 2.13 step/s (window 1.42) | GPU mem 26/182 MiB | util 92% | grad_norm 1.16e+00
Step   1200 | batch_size= 8 | lr=8.55e-05 | loss=1.128431e+01 | e_loss=7.623957e+01 | f_loss=1.723019e+00 | pref_e=0.032 pref_f=988.022 | ETA 12.9h | speed 2.12 step/s (window 1.41) | GPU mem 26/182 MiB | util 92% | grad_norm 1.16e+00
Step   1210 | batch_size= 8 | lr=8.37e-05 | loss=9.965603e+00 | e_loss=8.189309e+01 | f_loss=1.430605e+00 | pref_e=0.032 pref_f=987.922 | ETA 13.0h | speed 2.12 step/s (window 1.43) | GPU mem 26/182 MiB | util 92% | grad_norm 1.16e+00
Step   1220 | batch_size= 8 | lr=8.20e-05 | loss=4.897696e+00 | e_loss=1.820651e+01 | f_loss=8.390987e-01 | pref_e=0.032 pref_f=987.822 | ETA 13.0h | speed 2.11 step/s (window 1.42) | GPU mem 25/182 MiB | util 93% | grad_norm 1.16e+00
Step   1230 | batch_size= 8 | lr=8.04e-05 | loss=7.442223e+00 | e_loss=3.939917e+01 | f_loss=1.201598e+00 | pref_e=0.032 pref_f=987.722 | ETA 13.1h | speed 2.10 step/s (window 1.42) | GPU mem 26/182 MiB | util 92% | grad_norm 1.16e+00
Step   1240 | batch_size= 8 | lr=7.87e-05 | loss=5.928136e+00 | e_loss=1.487480e+01 | f_loss=1.059657e+00 | pref_e=0.032 pref_f=987.622 | ETA 13.1h | speed 2.09 step/s (window 1.40) | GPU mem 26/182 MiB | util 92% | grad_norm 1.16e+00
Step   1250 | batch_size= 8 | lr=7.71e-05 | loss=1.102032e+01 | e_loss=5.858180e+01 | f_loss=1.775707e+00 | pref_e=0.032 pref_f=987.522 | ETA 13.2h | speed 2.08 step/s (window 1.42) | GPU mem 26/182 MiB | util 93% | grad_norm 1.16e+00
Step   1260 | batch_size= 8 | lr=7.56e-05 | loss=9.594170e+00 | e_loss=6.301395e+01 | f_loss=1.469978e+00 | pref_e=0.032 pref_f=987.423 | ETA 13.2h | speed 2.07 step/s (window 1.40) | GPU mem 25/182 MiB | util 92% | grad_norm 1.16e+00
Step   1270 | batch_size= 8 | lr=7.40e-05 | loss=5.511964e+00 | e_loss=9.782840e+00 | f_loss=1.010193e+00 | pref_e=0.032 pref_f=987.323 | ETA 13.3h | speed 2.07 step/s (window 1.43) | GPU mem 25/182 MiB | util 93% | grad_norm 1.16e+00
Step   1280 | batch_size= 8 | lr=7.25e-05 | loss=1.095463e+01 | e_loss=5.571419e+01 | f_loss=1.778678e+00 | pref_e=0.033 pref_f=987.223 | ETA 13.3h | speed 2.06 step/s (window 1.44) | GPU mem 25/182 MiB | util 93% | grad_norm 1.16e+00
Step   1290 | batch_size= 8 | lr=7.11e-05 | loss=1.629100e+01 | e_loss=1.119127e+02 | f_loss=2.459188e+00 | pref_e=0.033 pref_f=987.123 | ETA 13.4h | speed 2.05 step/s (window 1.39) | GPU mem 25/182 MiB | util 91% | grad_norm 1.16e+00
Step   1300 | batch_size= 8 | lr=6.96e-05 | loss=8.601071e+00 | e_loss=4.635727e+01 | f_loss=1.378393e+00 | pref_e=0.033 pref_f=987.023 | ETA 13.4h | speed 2.04 step/s (window 1.43) | GPU mem 25/182 MiB | util 93% | grad_norm 1.16e+00
Step   1310 | batch_size= 8 | lr=6.82e-05 | loss=1.801830e+01 | e_loss=1.601228e+02 | f_loss=2.484466e+00 | pref_e=0.033 pref_f=986.923 | ETA 13.5h | speed 2.04 step/s (window 1.41) | GPU mem 26/182 MiB | util 92% | grad_norm 1.16e+00
Step   1320 | batch_size= 8 | lr=6.68e-05 | loss=4.456441e+00 | e_loss=1.668623e+01 | f_loss=7.602762e-01 | pref_e=0.033 pref_f=986.823 | ETA 13.5h | speed 2.03 step/s (window 1.41) | GPU mem 25/182 MiB | util 92% | grad_norm 1.16e+00
Step   1330 | batch_size= 8 | lr=6.55e-05 | loss=1.094108e+01 | e_loss=5.117884e+01 | f_loss=1.800268e+00 | pref_e=0.033 pref_f=986.723 | ETA 13.5h | speed 2.02 step/s (window 1.42) | GPU mem 25/182 MiB | util 93% | grad_norm 1.16e+00
Step   1340 | batch_size= 8 | lr=6.41e-05 | loss=9.242432e+00 | e_loss=3.827279e+01 | f_loss=1.552163e+00 | pref_e=0.033 pref_f=986.623 | ETA 13.6h | speed 2.02 step/s (window 1.41) | GPU mem 25/182 MiB | util 93% | grad_norm 1.16e+00
Step   1350 | batch_size= 8 | lr=6.28e-05 | loss=7.537235e+00 | e_loss=3.321289e+01 | f_loss=1.252353e+00 | pref_e=0.033 pref_f=986.523 | ETA 13.6h | speed 2.01 step/s (window 1.42) | GPU mem 26/182 MiB | util 93% | grad_norm 1.16e+00
Step   1360 | batch_size= 8 | lr=6.15e-05 | loss=1.236205e+01 | e_loss=8.631687e+01 | f_loss=1.846876e+00 | pref_e=0.033 pref_f=986.424 | ETA 13.7h | speed 2.00 step/s (window 1.45) | GPU mem 26/182 MiB | util 93% | grad_norm 1.16e+00
Step   1370 | batch_size= 8 | lr=6.03e-05 | loss=6.827045e+00 | e_loss=2.347194e+01 | f_loss=1.176400e+00 | pref_e=0.033 pref_f=986.324 | ETA 13.7h | speed 2.00 step/s (window 1.44) | GPU mem 25/182 MiB | util 92% | grad_norm 1.16e+00
Step   1380 | batch_size= 8 | lr=5.91e-05 | loss=3.911036e+00 | e_loss=1.590919e+01 | f_loss=6.577239e-01 | pref_e=0.034 pref_f=986.224 | ETA 13.8h | speed 1.99 step/s (window 1.38) | GPU mem 26/182 MiB | util 92% | grad_norm 1.16e+00
Step   1390 | batch_size= 8 | lr=5.79e-05 | loss=9.430350e+00 | e_loss=5.143553e+01 | f_loss=1.500033e+00 | pref_e=0.034 pref_f=986.124 | ETA 13.8h | speed 1.99 step/s (window 1.40) | GPU mem 25/182 MiB | util 92% | grad_norm 1.16e+00
Step   1400 | batch_size= 8 | lr=5.67e-05 | loss=4.735881e+00 | e_loss=2.413448e+01 | f_loss=7.639523e-01 | pref_e=0.034 pref_f=986.024 | ETA 13.8h | speed 1.98 step/s (window 1.42) | GPU mem 25/182 MiB | util 93% | grad_norm 1.16e+00
Step   1410 | batch_size= 8 | lr=5.55e-05 | loss=1.293728e+01 | e_loss=7.721442e+01 | f_loss=2.011571e+00 | pref_e=0.034 pref_f=985.924 | ETA 13.9h | speed 1.97 step/s (window 1.42) | GPU mem 25/182 MiB | util 92% | grad_norm 1.16e+00
Step   1420 | batch_size= 8 | lr=5.44e-05 | loss=5.302176e+00 | e_loss=3.474632e+01 | f_loss=8.033069e-01 | pref_e=0.034 pref_f=985.824 | ETA 13.9h | speed 1.97 step/s (window 1.41) | GPU mem 26/184 MiB | util 93% | grad_norm 1.16e+00
Step   1430 | batch_size= 8 | lr=5.33e-05 | loss=1.193740e+01 | e_loss=4.103537e+01 | f_loss=2.053658e+00 | pref_e=0.034 pref_f=985.724 | ETA 13.9h | speed 1.96 step/s (window 1.41) | GPU mem 26/184 MiB | util 93% | grad_norm 1.16e+00
Step   1440 | batch_size= 8 | lr=5.22e-05 | loss=1.011031e+01 | e_loss=4.489636e+01 | f_loss=1.671465e+00 | pref_e=0.034 pref_f=985.624 | ETA 14.0h | speed 1.96 step/s (window 1.41) | GPU mem 26/184 MiB | util 92% | grad_norm 1.16e+00
Step   1450 | batch_size= 8 | lr=5.12e-05 | loss=1.455811e+01 | e_loss=6.503402e+01 | f_loss=2.403276e+00 | pref_e=0.034 pref_f=985.524 | ETA 14.0h | speed 1.95 step/s (window 1.41) | GPU mem 26/184 MiB | util 92% | grad_norm 1.16e+00
Step   1460 | batch_size= 8 | lr=5.01e-05 | loss=8.844185e+00 | e_loss=3.944808e+01 | f_loss=1.459756e+00 | pref_e=0.034 pref_f=985.425 | ETA 14.1h | speed 1.95 step/s (window 1.42) | GPU mem 25/184 MiB | util 92% | grad_norm 1.16e+00
Step   1470 | batch_size= 8 | lr=4.91e-05 | loss=7.826452e+00 | e_loss=2.687726e+01 | f_loss=1.345098e+00 | pref_e=0.034 pref_f=985.325 | ETA 14.1h | speed 1.94 step/s (window 1.43) | GPU mem 25/184 MiB | util 93% | grad_norm 1.16e+00
Step   1480 | batch_size= 8 | lr=4.81e-05 | loss=9.581646e+00 | e_loss=3.755957e+01 | f_loss=1.615029e+00 | pref_e=0.034 pref_f=985.225 | ETA 14.1h | speed 1.94 step/s (window 1.46) | GPU mem 25/184 MiB | util 93% | grad_norm 1.16e+00
Step   1490 | batch_size= 8 | lr=4.71e-05 | loss=1.511910e+01 | e_loss=7.277921e+01 | f_loss=2.456598e+00 | pref_e=0.035 pref_f=985.125 | ETA 14.2h | speed 1.93 step/s (window 1.43) | GPU mem 25/184 MiB | util 93% | grad_norm 1.16e+00
Step   1500 | batch_size= 8 | lr=4.62e-05 | loss=1.046756e+01 | e_loss=4.599414e+01 | f_loss=1.729593e+00 | pref_e=0.035 pref_f=985.025 | ETA 14.2h | speed 1.93 step/s (window 1.41) | GPU mem 26/184 MiB | util 85% | grad_norm 1.16e+00
Step   1510 | batch_size= 8 | lr=4.52e-05 | loss=1.016079e+01 | e_loss=4.888782e+01 | f_loss=1.649502e+00 | pref_e=0.035 pref_f=984.925 | ETA 14.2h | speed 1.92 step/s (window 1.42) | GPU mem 26/184 MiB | util 93% | grad_norm 1.15e+00
Step   1520 | batch_size= 8 | lr=4.43e-05 | loss=6.638196e+00 | e_loss=1.319007e+01 | f_loss=1.204505e+00 | pref_e=0.035 pref_f=984.825 | ETA 14.3h | speed 1.92 step/s (window 1.43) | GPU mem 25/184 MiB | util 92% | grad_norm 1.16e+00
Step   1530 | batch_size= 8 | lr=4.34e-05 | loss=7.741600e+00 | e_loss=5.142295e+01 | f_loss=1.158697e+00 | pref_e=0.035 pref_f=984.725 | ETA 14.3h | speed 1.91 step/s (window 1.45) | GPU mem 25/184 MiB | util 93% | grad_norm 1.15e+00
Step   1540 | batch_size= 8 | lr=4.25e-05 | loss=1.005044e+01 | e_loss=5.214806e+01 | f_loss=1.603502e+00 | pref_e=0.035 pref_f=984.625 | ETA 14.3h | speed 1.91 step/s (window 1.40) | GPU mem 25/184 MiB | util 92% | grad_norm 1.15e+00
Step   1550 | batch_size= 8 | lr=4.17e-05 | loss=5.538858e+00 | e_loss=1.390909e+01 | f_loss=9.848599e-01 | pref_e=0.035 pref_f=984.525 | ETA 14.4h | speed 1.91 step/s (window 1.41) | GPU mem 25/184 MiB | util 92% | grad_norm 1.15e+00
Step   1560 | batch_size= 8 | lr=4.08e-05 | loss=6.087434e+00 | e_loss=2.206361e+01 | f_loss=1.035690e+00 | pref_e=0.035 pref_f=984.426 | ETA 14.4h | speed 1.90 step/s (window 1.42) | GPU mem 26/184 MiB | util 93% | grad_norm 1.15e+00
Step   1570 | batch_size= 8 | lr=4.00e-05 | loss=1.025172e+01 | e_loss=4.092480e+01 | f_loss=1.717503e+00 | pref_e=0.035 pref_f=984.326 | ETA 14.4h | speed 1.90 step/s (window 1.41) | GPU mem 26/184 MiB | util 93% | grad_norm 1.16e+00
Step   1580 | batch_size= 8 | lr=3.92e-05 | loss=5.114263e+00 | e_loss=1.245957e+01 | f_loss=9.115326e-01 | pref_e=0.035 pref_f=984.226 | ETA 14.4h | speed 1.89 step/s (window 1.42) | GPU mem 26/184 MiB | util 92% | grad_norm 1.15e+00
Step   1590 | batch_size= 8 | lr=3.84e-05 | loss=1.098748e+01 | e_loss=6.707274e+01 | f_loss=1.678826e+00 | pref_e=0.036 pref_f=984.126 | ETA 14.5h | speed 1.89 step/s (window 1.41) | GPU mem 25/184 MiB | util 92% | grad_norm 1.15e+00
Step   1600 | batch_size= 8 | lr=3.76e-05 | loss=6.112822e+00 | e_loss=1.014972e+01 | f_loss=1.122115e+00 | pref_e=0.036 pref_f=984.026 | ETA 14.5h | speed 1.88 step/s (window 1.39) | GPU mem 26/184 MiB | util 91% | grad_norm 1.16e+00
Step   1610 | batch_size= 8 | lr=3.69e-05 | loss=8.981374e+00 | e_loss=4.431807e+01 | f_loss=1.443401e+00 | pref_e=0.036 pref_f=983.926 | ETA 14.5h | speed 1.88 step/s (window 1.40) | GPU mem 25/184 MiB | util 92% | grad_norm 1.15e+00
Step   1620 | batch_size= 8 | lr=3.61e-05 | loss=1.390157e+01 | e_loss=7.552464e+01 | f_loss=2.184955e+00 | pref_e=0.036 pref_f=983.826 | ETA 14.6h | speed 1.88 step/s (window 1.41) | GPU mem 25/184 MiB | util 92% | grad_norm 1.15e+00
Step   1630 | batch_size= 8 | lr=3.54e-05 | loss=8.681549e+00 | e_loss=4.164561e+01 | f_loss=1.402439e+00 | pref_e=0.036 pref_f=983.726 | ETA 14.6h | speed 1.87 step/s (window 1.41) | GPU mem 25/184 MiB | util 93% | grad_norm 1.15e+00
Step   1640 | batch_size= 8 | lr=3.47e-05 | loss=1.770285e+01 | e_loss=1.145433e+02 | f_loss=2.649936e+00 | pref_e=0.036 pref_f=983.626 | ETA 14.6h | speed 1.87 step/s (window 1.43) | GPU mem 25/184 MiB | util 93% | grad_norm 1.15e+00
Step   1650 | batch_size= 8 | lr=3.40e-05 | loss=7.807270e+00 | e_loss=1.282117e+01 | f_loss=1.433626e+00 | pref_e=0.036 pref_f=983.526 | ETA 14.7h | speed 1.86 step/s (window 1.40) | GPU mem 25/184 MiB | util 92% | grad_norm 1.15e+00
Step   1660 | batch_size= 8 | lr=3.33e-05 | loss=9.628679e+00 | e_loss=3.452789e+01 | f_loss=1.635664e+00 | pref_e=0.036 pref_f=983.427 | ETA 14.7h | speed 1.86 step/s (window 1.42) | GPU mem 26/184 MiB | util 93% | grad_norm 1.15e+00
Step   1670 | batch_size= 8 | lr=3.26e-05 | loss=1.491340e+01 | e_loss=7.434959e+01 | f_loss=2.384662e+00 | pref_e=0.036 pref_f=983.327 | ETA 14.7h | speed 1.86 step/s (window 1.40) | GPU mem 25/184 MiB | util 93% | grad_norm 1.16e+00
Step   1680 | batch_size= 8 | lr=3.19e-05 | loss=9.178202e+00 | e_loss=3.529457e+01 | f_loss=1.541266e+00 | pref_e=0.036 pref_f=983.227 | ETA 14.7h | speed 1.85 step/s (window 1.41) | GPU mem 25/184 MiB | util 92% | grad_norm 1.15e+00
Step   1690 | batch_size= 8 | lr=3.13e-05 | loss=5.549449e+00 | e_loss=2.091885e+01 | f_loss=9.345217e-01 | pref_e=0.037 pref_f=983.127 | ETA 14.8h | speed 1.85 step/s (window 1.43) | GPU mem 26/184 MiB | util 92% | grad_norm 1.15e+00
Step   1700 | batch_size= 8 | lr=3.06e-05 | loss=9.244608e+00 | e_loss=4.462224e+01 | f_loss=1.486376e+00 | pref_e=0.037 pref_f=983.027 | ETA 14.8h | speed 1.85 step/s (window 1.39) | GPU mem 26/184 MiB | util 92% | grad_norm 1.15e+00
Step   1710 | batch_size= 8 | lr=3.00e-05 | loss=9.877748e+00 | e_loss=3.495282e+01 | f_loss=1.678738e+00 | pref_e=0.037 pref_f=982.927 | ETA 14.8h | speed 1.84 step/s (window 1.41) | GPU mem 26/184 MiB | util 92% | grad_norm 1.15e+00
Step   1720 | batch_size= 8 | lr=2.94e-05 | loss=1.142040e+01 | e_loss=5.956736e+01 | f_loss=1.802708e+00 | pref_e=0.037 pref_f=982.827 | ETA 14.8h | speed 1.84 step/s (window 1.42) | GPU mem 25/184 MiB | util 93% | grad_norm 1.16e+00
Step   1730 | batch_size= 8 | lr=2.88e-05 | loss=9.257024e+00 | e_loss=3.598875e+01 | f_loss=1.549056e+00 | pref_e=0.037 pref_f=982.727 | ETA 14.8h | speed 1.84 step/s (window 1.83) | GPU mem 25/184 MiB | util 28% | grad_norm 1.15e+00
Step   1740 | batch_size= 8 | lr=2.82e-05 | loss=8.459388e+00 | e_loss=3.300884e+01 | f_loss=1.414256e+00 | pref_e=0.037 pref_f=982.627 | ETA 14.8h | speed 1.84 step/s (window 2.29) | GPU mem 26/184 MiB | util 23% | grad_norm 1.15e+00
Step   1750 | batch_size= 8 | lr=2.77e-05 | loss=1.274077e+01 | e_loss=8.546990e+01 | f_loss=1.870112e+00 | pref_e=0.037 pref_f=982.527 | ETA 14.8h | speed 1.84 step/s (window 2.28) | GPU mem 25/184 MiB | util 23% | grad_norm 1.15e+00
