================================================================================
CUDA Information
================================================================================
CUDA Available: True
PyTorch Version: 2.4.1
CUDA Version: 11.8
cuDNN Version: 91001
Number of GPUs: 1

GPU 0: NVIDIA L20-8Q
  Memory Allocated: 0.00 GB
  Memory Reserved: 0.00 GB
  Memory Total: 8.36 GB

CUDA optimizations enabled:
  - cuDNN auto-tuner: enabled
  - CUDA mixed precision: ready for use
================================================================================

Loading config from se_e2_a/input_torch.json
Loading training data from: ['se_e2_a/../collect/data0']
Loaded 1458 frames, 192 atoms per frame
Atom types distribution: [ 64 128]
Verbose: first batch shapes → positions=(8, 192, 3), atom_types=(8, 192), box=(8, 3, 3), target_energy=(8, 1), target_forces=(8, 192, 3))
Creating DeepMD model...
Model Parameters: 514661 (trainable: 514661)
Using device: cuda
Starting training for 100000 steps...
Batch size: 8, Dataset size: 1458
Number of workers: 2

Step     10 | batch_size= 8 | lr=9.82e-04 | loss=4.003255e+03 | e_loss=1.994446e+05 | f_loss=1.738049e+00 | pref_e=0.020 pref_f=999.910 | ETA 13.0h | speed 2.14 step/s (window 2.14) | GPU mem 25/182 MiB | util 24% | grad_norm 1.50e+00
Step     20 | batch_size= 8 | lr=9.62e-04 | loss=3.022223e+02 | e_loss=1.467806e+04 | f_loss=1.278355e+00 | pref_e=0.020 pref_f=999.810 | ETA 12.6h | speed 2.21 step/s (window 2.31) | GPU mem 25/182 MiB | util 24% | grad_norm 1.41e+00
Step     30 | batch_size= 8 | lr=9.42e-04 | loss=1.022858e+02 | e_loss=4.726228e+03 | f_loss=1.290813e+00 | pref_e=0.020 pref_f=999.710 | ETA 12.5h | speed 2.22 step/s (window 2.28) | GPU mem 25/182 MiB | util 23% | grad_norm 1.38e+00
Step     40 | batch_size= 8 | lr=9.23e-04 | loss=2.325009e+01 | e_loss=6.892254e+02 | f_loss=1.775195e+00 | pref_e=0.020 pref_f=999.610 | ETA 12.4h | speed 2.24 step/s (window 2.32) | GPU mem 25/182 MiB | util 24% | grad_norm 1.35e+00
Step     50 | batch_size= 8 | lr=9.04e-04 | loss=1.401716e+01 | e_loss=1.919672e+02 | f_loss=1.938960e+00 | pref_e=0.020 pref_f=999.510 | ETA 12.4h | speed 2.23 step/s (window 2.24) | GPU mem 25/182 MiB | util 23% | grad_norm 1.34e+00
Step     60 | batch_size= 8 | lr=8.86e-04 | loss=6.777226e+00 | e_loss=8.790297e+01 | f_loss=9.554296e-01 | pref_e=0.021 pref_f=999.411 | ETA 12.4h | speed 2.24 step/s (window 2.27) | GPU mem 25/182 MiB | util 23% | grad_norm 1.33e+00
Step     70 | batch_size= 8 | lr=8.68e-04 | loss=1.930956e+01 | e_loss=5.209051e+02 | f_loss=1.643965e+00 | pref_e=0.021 pref_f=999.311 | ETA 12.4h | speed 2.24 step/s (window 2.30) | GPU mem 25/182 MiB | util 23% | grad_norm 1.32e+00
Step     80 | batch_size= 8 | lr=8.50e-04 | loss=3.273875e+01 | e_loss=1.273190e+03 | f_loss=1.219979e+00 | pref_e=0.021 pref_f=999.211 | ETA 12.4h | speed 2.24 step/s (window 2.29) | GPU mem 25/182 MiB | util 23% | grad_norm 1.31e+00
Step     90 | batch_size= 8 | lr=8.33e-04 | loss=1.303492e+01 | e_loss=2.405139e+02 | f_loss=1.543119e+00 | pref_e=0.021 pref_f=999.111 | ETA 12.4h | speed 2.24 step/s (window 2.24) | GPU mem 24/182 MiB | util 23% | grad_norm 1.30e+00
Step    100 | batch_size= 8 | lr=8.16e-04 | loss=8.259617e+00 | e_loss=1.964206e+02 | f_loss=7.970289e-01 | pref_e=0.021 pref_f=999.011 | ETA 12.4h | speed 2.24 step/s (window 2.29) | GPU mem 25/182 MiB | util 23% | grad_norm 1.29e+00
Step    110 | batch_size= 8 | lr=8.00e-04 | loss=5.582465e+00 | e_loss=5.608093e+01 | f_loss=8.465046e-01 | pref_e=0.021 pref_f=998.911 | ETA 12.4h | speed 2.25 step/s (window 2.30) | GPU mem 25/182 MiB | util 23% | grad_norm 1.28e+00
Step    120 | batch_size= 8 | lr=7.83e-04 | loss=8.765730e+00 | e_loss=8.596660e+01 | f_loss=1.335534e+00 | pref_e=0.021 pref_f=998.811 | ETA 12.4h | speed 2.24 step/s (window 2.26) | GPU mem 25/182 MiB | util 23% | grad_norm 1.28e+00
Step    130 | batch_size= 8 | lr=7.67e-04 | loss=6.935628e+00 | e_loss=1.265495e+02 | f_loss=8.172370e-01 | pref_e=0.021 pref_f=998.711 | ETA 12.3h | speed 2.25 step/s (window 2.34) | GPU mem 25/182 MiB | util 24% | grad_norm 1.28e+00
Step    140 | batch_size= 8 | lr=7.52e-04 | loss=1.613432e+01 | e_loss=1.200309e+02 | f_loss=2.609622e+00 | pref_e=0.021 pref_f=998.611 | ETA 12.3h | speed 2.25 step/s (window 2.26) | GPU mem 25/182 MiB | util 23% | grad_norm 1.27e+00
Step    150 | batch_size= 8 | lr=7.37e-04 | loss=9.547840e+00 | e_loss=1.158081e+02 | f_loss=1.359098e+00 | pref_e=0.021 pref_f=998.511 | ETA 12.3h | speed 2.25 step/s (window 2.31) | GPU mem 24/182 MiB | util 23% | grad_norm 1.27e+00
Step    160 | batch_size= 8 | lr=7.22e-04 | loss=1.238850e+01 | e_loss=1.662297e+02 | f_loss=1.693932e+00 | pref_e=0.022 pref_f=998.412 | ETA 12.3h | speed 2.25 step/s (window 2.27) | GPU mem 25/182 MiB | util 23% | grad_norm 1.27e+00
Step    170 | batch_size= 8 | lr=7.07e-04 | loss=9.757388e+00 | e_loss=1.147780e+02 | f_loss=1.399710e+00 | pref_e=0.022 pref_f=998.312 | ETA 12.3h | speed 2.25 step/s (window 2.28) | GPU mem 25/182 MiB | util 23% | grad_norm 1.26e+00
Step    180 | batch_size= 8 | lr=6.93e-04 | loss=1.724606e+01 | e_loss=2.335841e+02 | f_loss=2.341359e+00 | pref_e=0.022 pref_f=998.212 | ETA 12.3h | speed 2.25 step/s (window 2.26) | GPU mem 25/182 MiB | util 23% | grad_norm 1.26e+00
Step    190 | batch_size= 8 | lr=6.79e-04 | loss=8.701678e+00 | e_loss=7.306782e+01 | f_loss=1.367100e+00 | pref_e=0.022 pref_f=998.112 | ETA 12.3h | speed 2.25 step/s (window 2.24) | GPU mem 25/182 MiB | util 23% | grad_norm 1.26e+00
Step    200 | batch_size= 8 | lr=6.65e-04 | loss=1.752447e+01 | e_loss=3.915659e+02 | f_loss=1.721298e+00 | pref_e=0.022 pref_f=998.012 | ETA 12.4h | speed 2.24 step/s (window 2.19) | GPU mem 25/182 MiB | util 22% | grad_norm 1.25e+00
Step    210 | batch_size= 8 | lr=6.51e-04 | loss=1.371715e+01 | e_loss=3.044934e+02 | f_loss=1.349578e+00 | pref_e=0.022 pref_f=997.912 | ETA 12.4h | speed 2.24 step/s (window 2.23) | GPU mem 24/182 MiB | util 23% | grad_norm 1.25e+00
Step    220 | batch_size= 8 | lr=6.38e-04 | loss=7.875825e+00 | e_loss=1.033074e+02 | f_loss=1.075841e+00 | pref_e=0.022 pref_f=997.812 | ETA 12.4h | speed 2.24 step/s (window 2.18) | GPU mem 24/182 MiB | util 22% | grad_norm 1.24e+00
Step    230 | batch_size= 8 | lr=6.25e-04 | loss=8.349016e+00 | e_loss=8.904823e+01 | f_loss=1.225603e+00 | pref_e=0.022 pref_f=997.712 | ETA 12.4h | speed 2.24 step/s (window 2.25) | GPU mem 24/182 MiB | util 23% | grad_norm 1.24e+00
Step    240 | batch_size= 8 | lr=6.12e-04 | loss=1.198237e+01 | e_loss=2.921883e+02 | f_loss=1.052977e+00 | pref_e=0.022 pref_f=997.612 | ETA 12.4h | speed 2.24 step/s (window 2.28) | GPU mem 25/182 MiB | util 23% | grad_norm 1.24e+00
Step    250 | batch_size= 8 | lr=6.00e-04 | loss=1.685345e+01 | e_loss=2.483367e+02 | f_loss=2.172543e+00 | pref_e=0.022 pref_f=997.512 | ETA 12.4h | speed 2.24 step/s (window 2.30) | GPU mem 25/182 MiB | util 24% | grad_norm 1.23e+00
Step    260 | batch_size= 8 | lr=5.88e-04 | loss=1.034331e+01 | e_loss=9.769624e+01 | f_loss=1.568031e+00 | pref_e=0.023 pref_f=997.413 | ETA 12.4h | speed 2.24 step/s (window 2.29) | GPU mem 24/182 MiB | util 23% | grad_norm 1.23e+00
Step    270 | batch_size= 8 | lr=5.76e-04 | loss=5.350638e+00 | e_loss=4.168140e+01 | f_loss=8.488249e-01 | pref_e=0.023 pref_f=997.313 | ETA 12.4h | speed 2.24 step/s (window 2.32) | GPU mem 25/182 MiB | util 24% | grad_norm 1.23e+00
Step    280 | batch_size= 8 | lr=5.64e-04 | loss=1.219071e+01 | e_loss=1.822086e+02 | f_loss=1.551336e+00 | pref_e=0.023 pref_f=997.213 | ETA 12.4h | speed 2.24 step/s (window 2.30) | GPU mem 24/182 MiB | util 24% | grad_norm 1.22e+00
Step    290 | batch_size= 8 | lr=5.53e-04 | loss=7.096394e+00 | e_loss=5.705509e+01 | f_loss=1.116029e+00 | pref_e=0.023 pref_f=997.113 | ETA 12.4h | speed 2.24 step/s (window 2.30) | GPU mem 25/182 MiB | util 24% | grad_norm 1.22e+00
Step    300 | batch_size= 8 | lr=5.42e-04 | loss=1.330975e+01 | e_loss=1.896717e+02 | f_loss=1.726685e+00 | pref_e=0.023 pref_f=997.013 | ETA 12.4h | speed 2.24 step/s (window 2.25) | GPU mem 25/182 MiB | util 23% | grad_norm 1.22e+00
Step    310 | batch_size= 8 | lr=5.31e-04 | loss=7.771711e+00 | e_loss=5.212943e+01 | f_loss=1.266097e+00 | pref_e=0.023 pref_f=996.913 | ETA 12.4h | speed 2.24 step/s (window 2.26) | GPU mem 25/182 MiB | util 23% | grad_norm 1.22e+00
Step    320 | batch_size= 8 | lr=5.20e-04 | loss=1.030544e+01 | e_loss=1.152986e+02 | f_loss=1.472448e+00 | pref_e=0.023 pref_f=996.813 | ETA 12.4h | speed 2.24 step/s (window 2.29) | GPU mem 25/182 MiB | util 23% | grad_norm 1.22e+00
Step    330 | batch_size= 8 | lr=5.09e-04 | loss=7.694554e+00 | e_loss=3.844713e+01 | f_loss=1.310473e+00 | pref_e=0.023 pref_f=996.713 | ETA 12.3h | speed 2.24 step/s (window 2.27) | GPU mem 25/182 MiB | util 23% | grad_norm 1.22e+00
Step    340 | batch_size= 8 | lr=4.99e-04 | loss=1.031525e+01 | e_loss=1.297403e+02 | f_loss=1.405485e+00 | pref_e=0.023 pref_f=996.613 | ETA 12.3h | speed 2.24 step/s (window 2.29) | GPU mem 25/182 MiB | util 23% | grad_norm 1.21e+00
Step    350 | batch_size= 8 | lr=4.89e-04 | loss=1.353715e+01 | e_loss=1.585794e+02 | f_loss=1.893705e+00 | pref_e=0.023 pref_f=996.513 | ETA 12.3h | speed 2.24 step/s (window 2.31) | GPU mem 25/182 MiB | util 24% | grad_norm 1.21e+00
Step    360 | batch_size= 8 | lr=4.79e-04 | loss=1.424163e+01 | e_loss=1.645772e+02 | f_loss=1.999764e+00 | pref_e=0.024 pref_f=996.414 | ETA 12.3h | speed 2.24 step/s (window 2.32) | GPU mem 25/182 MiB | util 24% | grad_norm 1.21e+00
Step    370 | batch_size= 8 | lr=4.69e-04 | loss=1.127538e+01 | e_loss=7.912563e+01 | f_loss=1.813285e+00 | pref_e=0.024 pref_f=996.314 | ETA 12.3h | speed 2.25 step/s (window 2.31) | GPU mem 25/182 MiB | util 24% | grad_norm 1.21e+00
Step    380 | batch_size= 8 | lr=4.60e-04 | loss=1.287688e+01 | e_loss=1.948156e+02 | f_loss=1.593096e+00 | pref_e=0.024 pref_f=996.214 | ETA 12.3h | speed 2.25 step/s (window 2.31) | GPU mem 25/182 MiB | util 24% | grad_norm 1.21e+00
Step    390 | batch_size= 8 | lr=4.50e-04 | loss=2.066626e+01 | e_loss=5.320264e+02 | f_loss=1.545466e+00 | pref_e=0.024 pref_f=996.114 | ETA 12.3h | speed 2.25 step/s (window 2.29) | GPU mem 25/182 MiB | util 23% | grad_norm 1.20e+00
Step    400 | batch_size= 8 | lr=4.41e-04 | loss=1.402381e+01 | e_loss=3.253438e+02 | f_loss=1.206688e+00 | pref_e=0.024 pref_f=996.014 | ETA 12.3h | speed 2.25 step/s (window 2.24) | GPU mem 25/182 MiB | util 23% | grad_norm 1.20e+00
Step    410 | batch_size= 8 | lr=4.32e-04 | loss=1.029933e+01 | e_loss=9.270323e+01 | f_loss=1.557199e+00 | pref_e=0.024 pref_f=995.914 | ETA 12.3h | speed 2.25 step/s (window 2.25) | GPU mem 25/182 MiB | util 24% | grad_norm 1.20e+00
Step    420 | batch_size= 8 | lr=4.23e-04 | loss=1.494806e+01 | e_loss=1.241974e+02 | f_loss=2.305712e+00 | pref_e=0.024 pref_f=995.814 | ETA 12.3h | speed 2.25 step/s (window 2.30) | GPU mem 24/182 MiB | util 23% | grad_norm 1.20e+00
Step    430 | batch_size= 8 | lr=4.15e-04 | loss=1.676877e+01 | e_loss=9.924709e+01 | f_loss=2.771014e+00 | pref_e=0.024 pref_f=995.714 | ETA 12.3h | speed 2.25 step/s (window 2.29) | GPU mem 25/182 MiB | util 23% | grad_norm 1.20e+00
Step    440 | batch_size= 8 | lr=4.06e-04 | loss=1.403181e+01 | e_loss=1.911649e+02 | f_loss=1.811284e+00 | pref_e=0.024 pref_f=995.614 | ETA 12.3h | speed 2.25 step/s (window 2.29) | GPU mem 25/182 MiB | util 23% | grad_norm 1.20e+00
Step    450 | batch_size= 8 | lr=3.98e-04 | loss=8.692568e+00 | e_loss=1.418044e+02 | f_loss=1.010951e+00 | pref_e=0.024 pref_f=995.514 | ETA 12.3h | speed 2.25 step/s (window 2.27) | GPU mem 24/182 MiB | util 23% | grad_norm 1.19e+00
Step    460 | batch_size= 8 | lr=3.90e-04 | loss=7.598429e+00 | e_loss=5.126647e+01 | f_loss=1.223783e+00 | pref_e=0.024 pref_f=995.415 | ETA 12.3h | speed 2.25 step/s (window 2.26) | GPU mem 25/182 MiB | util 23% | grad_norm 1.19e+00
Step    470 | batch_size= 8 | lr=3.82e-04 | loss=7.487838e+00 | e_loss=4.485443e+01 | f_loss=1.231763e+00 | pref_e=0.025 pref_f=995.315 | ETA 12.3h | speed 2.25 step/s (window 2.33) | GPU mem 25/182 MiB | util 24% | grad_norm 1.19e+00
Step    480 | batch_size= 8 | lr=3.74e-04 | loss=9.579064e+00 | e_loss=6.113428e+01 | f_loss=1.557168e+00 | pref_e=0.025 pref_f=995.215 | ETA 12.3h | speed 2.25 step/s (window 2.29) | GPU mem 25/182 MiB | util 23% | grad_norm 1.19e+00
Step    490 | batch_size= 8 | lr=3.67e-04 | loss=1.134116e+01 | e_loss=5.768943e+01 | f_loss=1.912474e+00 | pref_e=0.025 pref_f=995.115 | ETA 12.3h | speed 2.25 step/s (window 2.28) | GPU mem 25/182 MiB | util 24% | grad_norm 1.19e+00
Step    500 | batch_size= 8 | lr=3.59e-04 | loss=1.478412e+01 | e_loss=1.396842e+02 | f_loss=2.182914e+00 | pref_e=0.025 pref_f=995.015 | ETA 12.3h | speed 2.25 step/s (window 2.27) | GPU mem 25/182 MiB | util 23% | grad_norm 1.19e+00
Step    510 | batch_size= 8 | lr=3.52e-04 | loss=7.139490e+00 | e_loss=4.457708e+01 | f_loss=1.163160e+00 | pref_e=0.025 pref_f=994.915 | ETA 12.3h | speed 2.25 step/s (window 2.34) | GPU mem 24/182 MiB | util 24% | grad_norm 1.19e+00
Step    520 | batch_size= 8 | lr=3.45e-04 | loss=9.600993e+00 | e_loss=6.148824e+01 | f_loss=1.555706e+00 | pref_e=0.025 pref_f=994.815 | ETA 12.3h | speed 2.25 step/s (window 2.27) | GPU mem 25/182 MiB | util 23% | grad_norm 1.19e+00
Step    530 | batch_size= 8 | lr=3.38e-04 | loss=1.710842e+01 | e_loss=9.577010e+01 | f_loss=2.837002e+00 | pref_e=0.025 pref_f=994.715 | ETA 12.3h | speed 2.25 step/s (window 2.32) | GPU mem 25/182 MiB | util 24% | grad_norm 1.19e+00
Step    540 | batch_size= 8 | lr=3.31e-04 | loss=6.506161e+00 | e_loss=1.139139e+02 | f_loss=7.016806e-01 | pref_e=0.025 pref_f=994.615 | ETA 12.3h | speed 2.25 step/s (window 2.28) | GPU mem 25/182 MiB | util 23% | grad_norm 1.19e+00
Step    550 | batch_size= 8 | lr=3.24e-04 | loss=1.216059e+01 | e_loss=8.815548e+01 | f_loss=1.916519e+00 | pref_e=0.025 pref_f=994.515 | ETA 12.3h | speed 2.25 step/s (window 2.26) | GPU mem 25/182 MiB | util 23% | grad_norm 1.19e+00
Step    560 | batch_size= 8 | lr=3.18e-04 | loss=8.603458e+00 | e_loss=8.663063e+01 | f_loss=1.235357e+00 | pref_e=0.025 pref_f=994.416 | ETA 12.3h | speed 2.25 step/s (window 2.28) | GPU mem 25/182 MiB | util 23% | grad_norm 1.19e+00
Step    570 | batch_size= 8 | lr=3.11e-04 | loss=9.733186e+00 | e_loss=1.361791e+02 | f_loss=1.207966e+00 | pref_e=0.026 pref_f=994.316 | ETA 12.3h | speed 2.25 step/s (window 2.30) | GPU mem 25/182 MiB | util 24% | grad_norm 1.18e+00
Step    580 | batch_size= 8 | lr=3.05e-04 | loss=8.311078e+00 | e_loss=1.008482e+02 | f_loss=1.106001e+00 | pref_e=0.026 pref_f=994.216 | ETA 12.3h | speed 2.25 step/s (window 2.29) | GPU mem 25/182 MiB | util 23% | grad_norm 1.18e+00
Step    590 | batch_size= 8 | lr=2.99e-04 | loss=5.129081e+00 | e_loss=3.479382e+01 | f_loss=8.177477e-01 | pref_e=0.026 pref_f=994.116 | ETA 12.3h | speed 2.25 step/s (window 2.28) | GPU mem 24/182 MiB | util 23% | grad_norm 1.18e+00
Step    600 | batch_size= 8 | lr=2.93e-04 | loss=1.178283e+01 | e_loss=1.379836e+02 | f_loss=1.587192e+00 | pref_e=0.026 pref_f=994.016 | ETA 12.3h | speed 2.25 step/s (window 2.30) | GPU mem 25/182 MiB | util 23% | grad_norm 1.18e+00
Step    610 | batch_size= 8 | lr=2.87e-04 | loss=1.765209e+01 | e_loss=2.863361e+02 | f_loss=1.975327e+00 | pref_e=0.026 pref_f=993.916 | ETA 12.3h | speed 2.25 step/s (window 2.28) | GPU mem 25/182 MiB | util 23% | grad_norm 1.18e+00
Step    620 | batch_size= 8 | lr=2.81e-04 | loss=1.058762e+01 | e_loss=8.206843e+01 | f_loss=1.632854e+00 | pref_e=0.026 pref_f=993.816 | ETA 12.3h | speed 2.25 step/s (window 2.25) | GPU mem 25/182 MiB | util 23% | grad_norm 1.18e+00
Step    630 | batch_size= 8 | lr=2.75e-04 | loss=1.021645e+01 | e_loss=7.570638e+01 | f_loss=1.591642e+00 | pref_e=0.026 pref_f=993.716 | ETA 12.3h | speed 2.25 step/s (window 2.27) | GPU mem 25/182 MiB | util 23% | grad_norm 1.18e+00
Step    640 | batch_size= 8 | lr=2.70e-04 | loss=6.827200e+00 | e_loss=6.304047e+01 | f_loss=9.998143e-01 | pref_e=0.026 pref_f=993.616 | ETA 12.3h | speed 2.25 step/s (window 2.34) | GPU mem 25/182 MiB | util 24% | grad_norm 1.18e+00
Step    650 | batch_size= 8 | lr=2.64e-04 | loss=7.398738e+00 | e_loss=6.986850e+01 | f_loss=1.074260e+00 | pref_e=0.026 pref_f=993.516 | ETA 12.3h | speed 2.25 step/s (window 2.34) | GPU mem 24/182 MiB | util 24% | grad_norm 1.18e+00
Step    660 | batch_size= 8 | lr=2.59e-04 | loss=1.180280e+01 | e_loss=1.519862e+02 | f_loss=1.505086e+00 | pref_e=0.026 pref_f=993.417 | ETA 12.3h | speed 2.25 step/s (window 2.30) | GPU mem 24/182 MiB | util 24% | grad_norm 1.18e+00
Step    670 | batch_size= 8 | lr=2.53e-04 | loss=1.403233e+01 | e_loss=1.671305e+02 | f_loss=1.855861e+00 | pref_e=0.027 pref_f=993.317 | ETA 12.2h | speed 2.25 step/s (window 2.30) | GPU mem 25/182 MiB | util 23% | grad_norm 1.18e+00
Step    680 | batch_size= 8 | lr=2.48e-04 | loss=1.351686e+01 | e_loss=8.405895e+01 | f_loss=2.180289e+00 | pref_e=0.027 pref_f=993.217 | ETA 12.2h | speed 2.25 step/s (window 2.32) | GPU mem 25/182 MiB | util 24% | grad_norm 1.18e+00
Step    690 | batch_size= 8 | lr=2.43e-04 | loss=1.132424e+01 | e_loss=7.003062e+01 | f_loss=1.827582e+00 | pref_e=0.027 pref_f=993.117 | ETA 12.2h | speed 2.25 step/s (window 2.25) | GPU mem 25/182 MiB | util 23% | grad_norm 1.18e+00
Step    700 | batch_size= 8 | lr=2.38e-04 | loss=1.851115e+01 | e_loss=1.619808e+02 | f_loss=2.739686e+00 | pref_e=0.027 pref_f=993.017 | ETA 12.2h | speed 2.25 step/s (window 2.25) | GPU mem 25/182 MiB | util 23% | grad_norm 1.18e+00
Step    710 | batch_size= 8 | lr=2.34e-04 | loss=1.339458e+01 | e_loss=1.586702e+02 | f_loss=1.764720e+00 | pref_e=0.027 pref_f=992.917 | ETA 12.2h | speed 2.25 step/s (window 2.23) | GPU mem 25/182 MiB | util 23% | grad_norm 1.18e+00
Step    720 | batch_size= 8 | lr=2.29e-04 | loss=5.420387e+00 | e_loss=1.248923e+01 | f_loss=9.829587e-01 | pref_e=0.027 pref_f=992.817 | ETA 12.3h | speed 2.25 step/s (window 2.20) | GPU mem 24/182 MiB | util 23% | grad_norm 1.18e+00
Step    730 | batch_size= 8 | lr=2.24e-04 | loss=6.787985e+00 | e_loss=4.245859e+01 | f_loss=1.090273e+00 | pref_e=0.027 pref_f=992.717 | ETA 12.3h | speed 2.25 step/s (window 2.26) | GPU mem 25/182 MiB | util 23% | grad_norm 1.17e+00
Step    740 | batch_size= 8 | lr=2.20e-04 | loss=8.549883e+00 | e_loss=6.387239e+01 | f_loss=1.317910e+00 | pref_e=0.027 pref_f=992.617 | ETA 12.3h | speed 2.25 step/s (window 2.24) | GPU mem 25/182 MiB | util 23% | grad_norm 1.17e+00
Step    750 | batch_size= 8 | lr=2.15e-04 | loss=6.775908e+00 | e_loss=5.430927e+01 | f_loss=1.024075e+00 | pref_e=0.027 pref_f=992.517 | ETA 12.3h | speed 2.25 step/s (window 2.27) | GPU mem 24/182 MiB | util 23% | grad_norm 1.17e+00
Step    760 | batch_size= 8 | lr=2.11e-04 | loss=1.160817e+01 | e_loss=9.239377e+01 | f_loss=1.756349e+00 | pref_e=0.027 pref_f=992.418 | ETA 12.3h | speed 2.25 step/s (window 2.28) | GPU mem 25/182 MiB | util 22% | grad_norm 1.17e+00
Step    770 | batch_size= 8 | lr=2.06e-04 | loss=7.599830e+00 | e_loss=3.775013e+01 | f_loss=1.269672e+00 | pref_e=0.028 pref_f=992.318 | ETA 12.3h | speed 2.25 step/s (window 2.24) | GPU mem 25/182 MiB | util 23% | grad_norm 1.17e+00
Step    780 | batch_size= 8 | lr=2.02e-04 | loss=1.099324e+01 | e_loss=7.864122e+01 | f_loss=1.707419e+00 | pref_e=0.028 pref_f=992.218 | ETA 12.3h | speed 2.25 step/s (window 2.28) | GPU mem 25/182 MiB | util 24% | grad_norm 1.17e+00
Step    790 | batch_size= 8 | lr=1.98e-04 | loss=1.096131e+01 | e_loss=8.484304e+01 | f_loss=1.666313e+00 | pref_e=0.028 pref_f=992.118 | ETA 12.3h | speed 2.25 step/s (window 2.26) | GPU mem 25/182 MiB | util 23% | grad_norm 1.17e+00
Step    800 | batch_size= 8 | lr=1.94e-04 | loss=1.096286e+01 | e_loss=1.026570e+02 | f_loss=1.569192e+00 | pref_e=0.028 pref_f=992.018 | ETA 12.3h | speed 2.25 step/s (window 2.26) | GPU mem 25/182 MiB | util 23% | grad_norm 1.17e+00
Step    810 | batch_size= 8 | lr=1.90e-04 | loss=7.201783e+00 | e_loss=1.268268e+02 | f_loss=7.092735e-01 | pref_e=0.028 pref_f=991.918 | ETA 12.3h | speed 2.25 step/s (window 2.23) | GPU mem 25/182 MiB | util 23% | grad_norm 1.17e+00
Step    820 | batch_size= 8 | lr=1.86e-04 | loss=1.024773e+01 | e_loss=1.040514e+02 | f_loss=1.420445e+00 | pref_e=0.028 pref_f=991.818 | ETA 12.3h | speed 2.25 step/s (window 2.28) | GPU mem 24/182 MiB | util 23% | grad_norm 1.17e+00
Step    830 | batch_size= 8 | lr=1.83e-04 | loss=1.093743e+01 | e_loss=6.213924e+01 | f_loss=1.779771e+00 | pref_e=0.028 pref_f=991.718 | ETA 12.2h | speed 2.25 step/s (window 2.32) | GPU mem 25/182 MiB | util 24% | grad_norm 1.17e+00
Step    840 | batch_size= 8 | lr=1.79e-04 | loss=9.075073e+00 | e_loss=6.077437e+01 | f_loss=1.425606e+00 | pref_e=0.028 pref_f=991.618 | ETA 12.2h | speed 2.25 step/s (window 2.27) | GPU mem 25/182 MiB | util 23% | grad_norm 1.17e+00
Step    850 | batch_size= 8 | lr=1.75e-04 | loss=1.177203e+01 | e_loss=8.727355e+01 | f_loss=1.801719e+00 | pref_e=0.028 pref_f=991.518 | ETA 12.2h | speed 2.25 step/s (window 2.23) | GPU mem 25/182 MiB | util 23% | grad_norm 1.17e+00
Step    860 | batch_size= 8 | lr=1.72e-04 | loss=9.032621e+00 | e_loss=5.341074e+01 | f_loss=1.455923e+00 | pref_e=0.028 pref_f=991.419 | ETA 12.2h | speed 2.25 step/s (window 2.25) | GPU mem 25/182 MiB | util 23% | grad_norm 1.17e+00
Step    870 | batch_size= 8 | lr=1.68e-04 | loss=8.890990e+00 | e_loss=4.303836e+01 | f_loss=1.484414e+00 | pref_e=0.029 pref_f=991.319 | ETA 12.3h | speed 2.25 step/s (window 2.24) | GPU mem 24/182 MiB | util 23% | grad_norm 1.17e+00
Step    880 | batch_size= 8 | lr=1.65e-04 | loss=7.329414e+00 | e_loss=5.430847e+01 | f_loss=1.119002e+00 | pref_e=0.029 pref_f=991.219 | ETA 12.2h | speed 2.25 step/s (window 2.28) | GPU mem 24/182 MiB | util 24% | grad_norm 1.17e+00
Step    890 | batch_size= 8 | lr=1.61e-04 | loss=6.918524e+00 | e_loss=4.525333e+01 | f_loss=1.088808e+00 | pref_e=0.029 pref_f=991.119 | ETA 12.2h | speed 2.25 step/s (window 2.24) | GPU mem 25/182 MiB | util 23% | grad_norm 1.17e+00
Step    900 | batch_size= 8 | lr=1.58e-04 | loss=5.953097e+00 | e_loss=2.918894e+01 | f_loss=9.906769e-01 | pref_e=0.029 pref_f=991.019 | ETA 12.2h | speed 2.25 step/s (window 2.24) | GPU mem 25/182 MiB | util 23% | grad_norm 1.17e+00
Step    910 | batch_size= 8 | lr=1.55e-04 | loss=1.333131e+01 | e_loss=1.102891e+02 | f_loss=1.966436e+00 | pref_e=0.029 pref_f=990.919 | ETA 12.2h | speed 2.25 step/s (window 2.26) | GPU mem 25/182 MiB | util 23% | grad_norm 1.17e+00
Step    920 | batch_size= 8 | lr=1.52e-04 | loss=8.088668e+00 | e_loss=3.375608e+01 | f_loss=1.378021e+00 | pref_e=0.029 pref_f=990.819 | ETA 12.2h | speed 2.25 step/s (window 2.25) | GPU mem 25/182 MiB | util 23% | grad_norm 1.17e+00
Step    930 | batch_size= 8 | lr=1.49e-04 | loss=7.317693e+00 | e_loss=4.051177e+01 | f_loss=1.189803e+00 | pref_e=0.029 pref_f=990.719 | ETA 12.2h | speed 2.25 step/s (window 2.30) | GPU mem 25/182 MiB | util 24% | grad_norm 1.17e+00
Step    940 | batch_size= 8 | lr=1.46e-04 | loss=9.128689e+00 | e_loss=5.804346e+01 | f_loss=1.441174e+00 | pref_e=0.029 pref_f=990.619 | ETA 12.2h | speed 2.25 step/s (window 2.29) | GPU mem 25/182 MiB | util 24% | grad_norm 1.17e+00
Step    950 | batch_size= 8 | lr=1.43e-04 | loss=8.206615e+00 | e_loss=4.161470e+01 | f_loss=1.354602e+00 | pref_e=0.029 pref_f=990.519 | ETA 12.2h | speed 2.25 step/s (window 2.30) | GPU mem 25/182 MiB | util 23% | grad_norm 1.17e+00
Step    960 | batch_size= 8 | lr=1.40e-04 | loss=7.302580e+00 | e_loss=2.878416e+01 | f_loss=1.251827e+00 | pref_e=0.029 pref_f=990.420 | ETA 12.2h | speed 2.25 step/s (window 2.28) | GPU mem 24/182 MiB | util 23% | grad_norm 1.17e+00
Step    970 | batch_size= 8 | lr=1.37e-04 | loss=1.139725e+01 | e_loss=7.049566e+01 | f_loss=1.806864e+00 | pref_e=0.029 pref_f=990.320 | ETA 12.2h | speed 2.25 step/s (window 2.32) | GPU mem 25/182 MiB | util 24% | grad_norm 1.17e+00
Step    980 | batch_size= 8 | lr=1.34e-04 | loss=6.797706e+00 | e_loss=4.796511e+01 | f_loss=1.043288e+00 | pref_e=0.030 pref_f=990.220 | ETA 12.2h | speed 2.25 step/s (window 2.28) | GPU mem 25/182 MiB | util 23% | grad_norm 1.17e+00
Step    990 | batch_size= 8 | lr=1.31e-04 | loss=1.016471e+01 | e_loss=8.942115e+01 | f_loss=1.457422e+00 | pref_e=0.030 pref_f=990.120 | ETA 12.2h | speed 2.25 step/s (window 2.26) | GPU mem 25/182 MiB | util 23% | grad_norm 1.17e+00
Step   1000 | batch_size= 8 | lr=1.29e-04 | loss=1.042506e+01 | e_loss=9.356308e+01 | f_loss=1.482179e+00 | pref_e=0.030 pref_f=990.020 | ETA 12.2h | speed 2.25 step/s (window 2.25) | GPU mem 25/182 MiB | util 23% | grad_norm 1.17e+00
Step   1010 | batch_size= 8 | lr=1.26e-04 | loss=1.149205e+01 | e_loss=4.679558e+01 | f_loss=1.957880e+00 | pref_e=0.030 pref_f=989.920 | ETA 12.2h | speed 2.25 step/s (window 2.25) | GPU mem 25/182 MiB | util 23% | grad_norm 1.17e+00
Step   1020 | batch_size= 8 | lr=1.24e-04 | loss=1.333058e+01 | e_loss=1.027812e+02 | f_loss=1.988572e+00 | pref_e=0.030 pref_f=989.820 | ETA 12.2h | speed 2.25 step/s (window 2.26) | GPU mem 25/182 MiB | util 23% | grad_norm 1.17e+00
Step   1030 | batch_size= 8 | lr=1.21e-04 | loss=5.923002e+00 | e_loss=2.245037e+01 | f_loss=1.018188e+00 | pref_e=0.030 pref_f=989.720 | ETA 12.2h | speed 2.25 step/s (window 2.25) | GPU mem 25/182 MiB | util 23% | grad_norm 1.17e+00
Step   1040 | batch_size= 8 | lr=1.19e-04 | loss=8.738263e+00 | e_loss=5.708199e+01 | f_loss=1.361591e+00 | pref_e=0.030 pref_f=989.620 | ETA 12.2h | speed 2.25 step/s (window 2.32) | GPU mem 25/182 MiB | util 24% | grad_norm 1.17e+00
Step   1050 | batch_size= 8 | lr=1.16e-04 | loss=8.091447e+00 | e_loss=2.869442e+01 | f_loss=1.401642e+00 | pref_e=0.030 pref_f=989.520 | ETA 12.2h | speed 2.25 step/s (window 2.31) | GPU mem 25/182 MiB | util 24% | grad_norm 1.17e+00
Step   1060 | batch_size= 8 | lr=1.14e-04 | loss=9.940796e+00 | e_loss=6.555989e+01 | f_loss=1.543034e+00 | pref_e=0.030 pref_f=989.421 | ETA 12.2h | speed 2.25 step/s (window 2.31) | GPU mem 24/182 MiB | util 24% | grad_norm 1.17e+00
Step   1070 | batch_size= 8 | lr=1.12e-04 | loss=9.413353e+00 | e_loss=3.574275e+01 | f_loss=1.615466e+00 | pref_e=0.030 pref_f=989.321 | ETA 12.2h | speed 2.25 step/s (window 2.26) | GPU mem 25/182 MiB | util 23% | grad_norm 1.17e+00
Step   1080 | batch_size= 8 | lr=1.09e-04 | loss=7.019940e+00 | e_loss=4.347684e+01 | f_loss=1.104755e+00 | pref_e=0.031 pref_f=989.221 | ETA 12.2h | speed 2.25 step/s (window 2.27) | GPU mem 25/182 MiB | util 23% | grad_norm 1.17e+00
Step   1090 | batch_size= 8 | lr=1.07e-04 | loss=1.248676e+01 | e_loss=8.108390e+01 | f_loss=1.941942e+00 | pref_e=0.031 pref_f=989.121 | ETA 12.2h | speed 2.25 step/s (window 2.25) | GPU mem 25/182 MiB | util 23% | grad_norm 1.17e+00
Step   1100 | batch_size= 8 | lr=1.05e-04 | loss=7.020710e+00 | e_loss=5.142251e+01 | f_loss=1.055971e+00 | pref_e=0.031 pref_f=989.021 | ETA 12.2h | speed 2.25 step/s (window 2.25) | GPU mem 25/182 MiB | util 23% | grad_norm 1.17e+00
Step   1110 | batch_size= 8 | lr=1.03e-04 | loss=1.269005e+01 | e_loss=6.782294e+01 | f_loss=2.057964e+00 | pref_e=0.031 pref_f=988.921 | ETA 12.2h | speed 2.25 step/s (window 2.27) | GPU mem 24/182 MiB | util 24% | grad_norm 1.17e+00
Step   1120 | batch_size= 8 | lr=1.01e-04 | loss=8.296335e+00 | e_loss=1.004266e+02 | f_loss=1.008156e+00 | pref_e=0.031 pref_f=988.821 | ETA 12.2h | speed 2.25 step/s (window 2.26) | GPU mem 25/182 MiB | util 23% | grad_norm 1.17e+00
Step   1130 | batch_size= 8 | lr=9.87e-05 | loss=9.552052e+00 | e_loss=5.610273e+01 | f_loss=1.516999e+00 | pref_e=0.031 pref_f=988.721 | ETA 12.2h | speed 2.25 step/s (window 2.30) | GPU mem 24/184 MiB | util 24% | grad_norm 1.17e+00
Step   1140 | batch_size= 8 | lr=9.67e-05 | loss=1.016099e+01 | e_loss=4.294661e+01 | f_loss=1.713571e+00 | pref_e=0.031 pref_f=988.621 | ETA 12.2h | speed 2.25 step/s (window 2.23) | GPU mem 25/184 MiB | util 22% | grad_norm 1.17e+00
Step   1150 | batch_size= 8 | lr=9.47e-05 | loss=7.853553e+00 | e_loss=2.441528e+01 | f_loss=1.377203e+00 | pref_e=0.031 pref_f=988.521 | ETA 12.2h | speed 2.25 step/s (window 2.30) | GPU mem 25/184 MiB | util 23% | grad_norm 1.17e+00
Step   1160 | batch_size= 8 | lr=9.28e-05 | loss=5.125530e+00 | e_loss=1.416712e+01 | f_loss=9.094369e-01 | pref_e=0.031 pref_f=988.422 | ETA 12.2h | speed 2.25 step/s (window 2.28) | GPU mem 24/184 MiB | util 24% | grad_norm 1.17e+00
Step   1170 | batch_size= 8 | lr=9.09e-05 | loss=1.142137e+01 | e_loss=6.687769e+01 | f_loss=1.810565e+00 | pref_e=0.031 pref_f=988.322 | ETA 12.2h | speed 2.25 step/s (window 2.23) | GPU mem 25/184 MiB | util 23% | grad_norm 1.17e+00
Step   1180 | batch_size= 8 | lr=8.90e-05 | loss=3.757417e+00 | e_loss=1.222456e+01 | f_loss=6.551575e-01 | pref_e=0.032 pref_f=988.222 | ETA 12.2h | speed 2.25 step/s (window 2.28) | GPU mem 25/184 MiB | util 23% | grad_norm 1.17e+00
Step   1190 | batch_size= 8 | lr=8.72e-05 | loss=1.365945e+01 | e_loss=9.736966e+01 | f_loss=2.055569e+00 | pref_e=0.032 pref_f=988.122 | ETA 12.2h | speed 2.25 step/s (window 2.26) | GPU mem 24/184 MiB | util 23% | grad_norm 1.17e+00
Step   1200 | batch_size= 8 | lr=8.55e-05 | loss=1.085360e+01 | e_loss=2.024842e+02 | f_loss=8.621974e-01 | pref_e=0.032 pref_f=988.022 | ETA 12.2h | speed 2.25 step/s (window 2.29) | GPU mem 25/184 MiB | util 24% | grad_norm 1.17e+00
Step   1210 | batch_size= 8 | lr=8.37e-05 | loss=1.477588e+01 | e_loss=1.081596e+02 | f_loss=2.203445e+00 | pref_e=0.032 pref_f=987.922 | ETA 12.2h | speed 2.25 step/s (window 2.26) | GPU mem 24/184 MiB | util 23% | grad_norm 1.17e+00
Step   1220 | batch_size= 8 | lr=8.20e-05 | loss=8.255838e+00 | e_loss=2.364821e+01 | f_loss=1.457925e+00 | pref_e=0.032 pref_f=987.822 | ETA 12.2h | speed 2.25 step/s (window 2.29) | GPU mem 24/184 MiB | util 24% | grad_norm 1.17e+00
Step   1230 | batch_size= 8 | lr=8.04e-05 | loss=6.548278e+00 | e_loss=5.174464e+01 | f_loss=9.508417e-01 | pref_e=0.032 pref_f=987.722 | ETA 12.2h | speed 2.25 step/s (window 2.27) | GPU mem 25/184 MiB | util 23% | grad_norm 1.16e+00
Step   1240 | batch_size= 8 | lr=7.87e-05 | loss=1.089827e+01 | e_loss=6.926802e+01 | f_loss=1.686727e+00 | pref_e=0.032 pref_f=987.622 | ETA 12.2h | speed 2.25 step/s (window 2.27) | GPU mem 25/184 MiB | util 23% | grad_norm 1.17e+00
Step   1250 | batch_size= 8 | lr=7.71e-05 | loss=1.190945e+01 | e_loss=8.975858e+01 | f_loss=1.753282e+00 | pref_e=0.032 pref_f=987.522 | ETA 12.2h | speed 2.25 step/s (window 2.31) | GPU mem 24/184 MiB | util 24% | grad_norm 1.16e+00
Step   1260 | batch_size= 8 | lr=7.56e-05 | loss=1.275515e+01 | e_loss=8.484204e+01 | f_loss=1.947430e+00 | pref_e=0.032 pref_f=987.423 | ETA 12.2h | speed 2.25 step/s (window 2.26) | GPU mem 25/184 MiB | util 23% | grad_norm 1.17e+00
Step   1270 | batch_size= 8 | lr=7.40e-05 | loss=1.317564e+01 | e_loss=7.003953e+01 | f_loss=2.120958e+00 | pref_e=0.032 pref_f=987.323 | ETA 12.2h | speed 2.25 step/s (window 2.25) | GPU mem 25/184 MiB | util 23% | grad_norm 1.17e+00
Step   1280 | batch_size= 8 | lr=7.25e-05 | loss=1.196020e+01 | e_loss=5.153285e+01 | f_loss=2.000399e+00 | pref_e=0.033 pref_f=987.223 | ETA 12.2h | speed 2.25 step/s (window 2.26) | GPU mem 25/184 MiB | util 23% | grad_norm 1.17e+00
Step   1290 | batch_size= 8 | lr=7.11e-05 | loss=4.804395e+00 | e_loss=1.659035e+01 | f_loss=8.292382e-01 | pref_e=0.033 pref_f=987.123 | ETA 12.2h | speed 2.25 step/s (window 2.27) | GPU mem 25/184 MiB | util 24% | grad_norm 1.16e+00
Step   1300 | batch_size= 8 | lr=6.96e-05 | loss=6.541685e+00 | e_loss=2.533636e+01 | f_loss=1.111397e+00 | pref_e=0.033 pref_f=987.023 | ETA 12.2h | speed 2.25 step/s (window 2.33) | GPU mem 25/184 MiB | util 24% | grad_norm 1.17e+00
Step   1310 | batch_size= 8 | lr=6.82e-05 | loss=1.299057e+01 | e_loss=5.939950e+01 | f_loss=2.148494e+00 | pref_e=0.033 pref_f=986.923 | ETA 12.2h | speed 2.25 step/s (window 2.27) | GPU mem 24/184 MiB | util 23% | grad_norm 1.16e+00
Step   1320 | batch_size= 8 | lr=6.68e-05 | loss=1.067661e+01 | e_loss=4.869717e+01 | f_loss=1.765918e+00 | pref_e=0.033 pref_f=986.823 | ETA 12.2h | speed 2.25 step/s (window 2.33) | GPU mem 25/184 MiB | util 24% | grad_norm 1.16e+00
