================================================================
    启动 DeepMD 优化训练 (examples/data/water)
================================================================

[1] 激活conda环境: ai4m
[2] 验证环境...
PyTorch version: 2.4.1
[3] 设置环境变量...
  OMP_NUM_THREADS=8
  MKL_NUM_THREADS=8

[4] 训练配置:
  Batch size: 12
  Num workers: 4
  Epochs: 10

[5] 启动训练...
================================================================

======================================================================
DeepMD 优化训练测试 - examples/data/water
======================================================================
✓ CUDA优化已启用
  - cuDNN benchmark: True
  - TF32: True

======================================================================
GPU 信息
======================================================================
GPU 0: NVIDIA L20-8Q
  显存: 8.36 GB
  计算能力: 8.9
======================================================================


训练配置:
  数据: ['examples/data/water']
  Batch size: 12
  Num workers: 4
  Epochs: 10
  Learning rate: 0.001
  Rcut: 6.0
  Sel: [46, 92]

使用设备: cuda

[1] 加载数据...
Loaded 400 frames, 192 atoms per frame
Atom types distribution: [ 64 128]
训练集: 320 frames
测试集: 80 frames
Batch size: 12
Num workers: 4

[2] 创建模型...
模型参数量: 514,661

[3] 开始训练...
======================================================================
Traceback (most recent call last):
  File "/home/ubuntu/pj/train_example_optimized.py", line 314, in <module>
    main()
    ~~~~^^
  File "/home/ubuntu/pj/train_example_optimized.py", line 310, in main
    train(config)
    ~~~~~^^^^^^^^
  File "/home/ubuntu/pj/train_example_optimized.py", line 151, in train
    energy_pred, force_pred, _ = model(positions, atom_types, box)
                                 ~~~~~^^^^^^^^^^^^^^^^^^^^^^^^^^^^
  File "/home/ubuntu/miniforge3/envs/ai4m/lib/python3.13/site-packages/torch/nn/modules/module.py", line 1553, in _wrapped_call_impl
    return self._call_impl(*args, **kwargs)
           ~~~~~~~~~~~~~~~^^^^^^^^^^^^^^^^^
  File "/home/ubuntu/miniforge3/envs/ai4m/lib/python3.13/site-packages/torch/nn/modules/module.py", line 1562, in _call_impl
    return forward_call(*args, **kwargs)
  File "/home/ubuntu/pj/dpmini/model.py", line 140, in forward
    descriptor = self.descriptor(positions, atom_types, box)  # (natom, desc_dim)
  File "/home/ubuntu/miniforge3/envs/ai4m/lib/python3.13/site-packages/torch/nn/modules/module.py", line 1553, in _wrapped_call_impl
    return self._call_impl(*args, **kwargs)
           ~~~~~~~~~~~~~~~^^^^^^^^^^^^^^^^^
  File "/home/ubuntu/miniforge3/envs/ai4m/lib/python3.13/site-packages/torch/nn/modules/module.py", line 1562, in _call_impl
    return forward_call(*args, **kwargs)
  File "/home/ubuntu/pj/dpmini/descriptor.py", line 297, in forward
    neighbor_indices, neighbor_types, neighbor_mask = build_neighbor_list(
                                                      ~~~~~~~~~~~~~~~~~~~^
        positions, atom_types, self.type_map, self.sel, self.rcut, box
        ^^^^^^^^^^^^^^^^^^^^^^^^^^^^^^^^^^^^^^^^^^^^^^^^^^^^^^^^^^^^^^
    )
    ^
  File "/home/ubuntu/pj/dpmini/descriptor.py", line 152, in build_neighbor_list
    neighbor_indices[i, :n_to_take] = valid_indices[:n_to_take]
    ~~~~~~~~~~~~~~~~^^^^^^^^^^^^^^^
RuntimeError: expand(torch.cuda.LongTensor{[138, 192]}, size=[138]): the number of sizes provided (1) must be greater or equal to the number of dimensions in the tensor (2)
