nohup: 忽略输入
Loading model from backups/best_checkpoints/best_model_v3_step80000_20251230_183155.pt
✓ Model loaded, using device: cuda

Loading structure from collect/data_lammps
  Atoms: 192
  Atom types: ['O', 'O', 'O', 'O', 'O', 'O', 'O', 'O', 'O', 'O', 'O', 'O', 'O', 'O', 'O', 'O', 'O', 'O', 'O', 'O', 'O', 'O', 'O', 'O', 'O', 'O', 'O', 'O', 'O', 'O', 'O', 'O', 'O', 'O', 'O', 'O', 'O', 'O', 'O', 'O', 'O', 'O', 'O', 'O', 'O', 'O', 'O', 'O', 'O', 'O', 'O', 'O', 'O', 'O', 'O', 'O', 'O', 'O', 'O', 'O', 'O', 'O', 'O', 'O', 'H', 'H', 'H', 'H', 'H', 'H', 'H', 'H', 'H', 'H', 'H', 'H', 'H', 'H', 'H', 'H', 'H', 'H', 'H', 'H', 'H', 'H', 'H', 'H', 'H', 'H', 'H', 'H', 'H', 'H', 'H', 'H', 'H', 'H', 'H', 'H', 'H', 'H', 'H', 'H', 'H', 'H', 'H', 'H', 'H', 'H', 'H', 'H', 'H', 'H', 'H', 'H', 'H', 'H', 'H', 'H', 'H', 'H', 'H', 'H', 'H', 'H', 'H', 'H', 'H', 'H', 'H', 'H', 'H', 'H', 'H', 'H', 'H', 'H', 'H', 'H', 'H', 'H', 'H', 'H', 'H', 'H', 'H', 'H', 'H', 'H', 'H', 'H', 'H', 'H', 'H', 'H', 'H', 'H', 'H', 'H', 'H', 'H', 'H', 'H', 'H', 'H', 'H', 'H', 'H', 'H', 'H', 'H', 'H', 'H', 'H', 'H', 'H', 'H', 'H', 'H', 'H', 'H', 'H', 'H', 'H', 'H', 'H', 'H', 'H', 'H', 'H', 'H']
  Box (Å):
[[12.4447  0.      0.    ]
 [ 0.     12.4447  0.    ]
 [ 0.      0.     12.4447]]

Running MD simulation:
  Steps: 40000
  Time step: 0.0005 ps
  Total time: 20.000 ps
  Initial temperature: 300.0 K
  Trajectory stride: 10

Step     Time (ps)    KE (eV)      PE (eV)      Total (eV)  
------------------------------------------------------------
1        0.0005       7.6840       -507.9089    -500.2250   
2        0.0010       8.8816       -509.3442    -500.4626   
3        0.0015       10.7216      -511.3271    -500.6055   
4        0.0020       12.9067      -513.6143    -500.7075   
5        0.0025       15.0190      -515.7235    -500.7045   
800      0.4000       4810.1504    -467.9322    4342.2182   
1600     0.8000       20341.4131   -398.3792    19943.0339  
2400     1.2000       50213.3409   -356.7714    49856.5696  
3200     1.6000       93726.8067   -231.8674    93494.9394  
4000     2.0000       135493.6725  -316.9827    135176.6898 
4800     2.4000       179392.9246  -346.8318    179046.0928 

✓ Checkpoint saved: md_production_20251230-185553_checkpoint_5000.npz (5000/40000 steps)

5600     2.8000       231015.3453  -283.7688    230731.5764 
6400     3.2000       270678.4003  -302.2244    270376.1759 
7200     3.6000       335735.3686  -300.8709    335434.4978 
8000     4.0000       374924.0751  -341.5048    374582.5703 
8800     4.4000       397084.5220  -303.8808    396780.6412 
9600     4.8000       445945.3971  -218.4162    445726.9809 

✓ Checkpoint saved: md_production_20251230-185553_checkpoint_10000.npz (10000/40000 steps)

10400    5.2000       481202.1417  -308.0306    480894.1111 
11200    5.6000       542656.4701  -361.1524    542295.3176 
12000    6.0000       583783.0595  -286.8197    583496.2398 
12800    6.4000       631981.9479  -376.3357    631605.6122 
13600    6.8000       670957.7573  -390.3354    670567.4220 
14400    7.2000       716275.4783  -309.8574    715965.6209 

✓ Checkpoint saved: md_production_20251230-185553_checkpoint_15000.npz (15000/40000 steps)

15200    7.6000       755256.7534  -344.0298    754912.7236 
16000    8.0000       800296.6788  -360.9746    799935.7042 
16800    8.4000       860921.2288  -341.8261    860579.4027 
17600    8.8000       904237.6541  -296.0927    903941.5614 
18400    9.2000       961954.8224  -292.6711    961662.1513 
19200    9.6000       1000692.9534 -291.3196    1000401.6339
20000    10.0000      1065370.2413 -262.4442    1065107.7971

✓ Checkpoint saved: md_production_20251230-185553_checkpoint_20000.npz (20000/40000 steps)

20800    10.4000      1088952.4604 -340.8386    1088611.6218
21600    10.8000      1148166.2757 -345.9039    1147820.3718
22400    11.2000      1221048.4832 -258.7750    1220789.7082
23200    11.6000      1278697.9405 -367.9872    1278329.9533
