nohup: 忽略输入
Loading model from checkpoints_optimized_v3_human/model_step10000.pt
✓ Model loaded, using device: cuda

Loading structure from collect/data_lammps
  Atoms: 192
  Atom types: ['O', 'O', 'O', 'O', 'O', 'O', 'O', 'O', 'O', 'O', 'O', 'O', 'O', 'O', 'O', 'O', 'O', 'O', 'O', 'O', 'O', 'O', 'O', 'O', 'O', 'O', 'O', 'O', 'O', 'O', 'O', 'O', 'O', 'O', 'O', 'O', 'O', 'O', 'O', 'O', 'O', 'O', 'O', 'O', 'O', 'O', 'O', 'O', 'O', 'O', 'O', 'O', 'O', 'O', 'O', 'O', 'O', 'O', 'O', 'O', 'O', 'O', 'O', 'O', 'H', 'H', 'H', 'H', 'H', 'H', 'H', 'H', 'H', 'H', 'H', 'H', 'H', 'H', 'H', 'H', 'H', 'H', 'H', 'H', 'H', 'H', 'H', 'H', 'H', 'H', 'H', 'H', 'H', 'H', 'H', 'H', 'H', 'H', 'H', 'H', 'H', 'H', 'H', 'H', 'H', 'H', 'H', 'H', 'H', 'H', 'H', 'H', 'H', 'H', 'H', 'H', 'H', 'H', 'H', 'H', 'H', 'H', 'H', 'H', 'H', 'H', 'H', 'H', 'H', 'H', 'H', 'H', 'H', 'H', 'H', 'H', 'H', 'H', 'H', 'H', 'H', 'H', 'H', 'H', 'H', 'H', 'H', 'H', 'H', 'H', 'H', 'H', 'H', 'H', 'H', 'H', 'H', 'H', 'H', 'H', 'H', 'H', 'H', 'H', 'H', 'H', 'H', 'H', 'H', 'H', 'H', 'H', 'H', 'H', 'H', 'H', 'H', 'H', 'H', 'H', 'H', 'H', 'H', 'H', 'H', 'H', 'H', 'H', 'H', 'H', 'H', 'H']
  Box (Å):
[[12.4447  0.      0.    ]
 [ 0.     12.4447  0.    ]
 [ 0.      0.     12.4447]]

Running MD simulation:
  Steps: 40000
  Time step: 0.0005 ps
  Total time: 20.000 ps
  Initial temperature: 300.0 K
  Trajectory stride: 1

Step     Time (ps)    KE (eV)      PE (eV)      Total (eV)  
------------------------------------------------------------
1        0.0005       9.2547       526.9910     536.2457    
2        0.0010       13.5667      522.6660     536.2327    
3        0.0015       20.2138      515.9681     536.1819    
4        0.0020       28.4407      507.6405     536.0812    
5        0.0025       37.3477      498.6159     535.9636    
800      0.4000       76.1706      459.9976     536.1682    
1600     0.8000       145.7725     397.9951     543.7676    
2400     1.2000       198.4695     377.9534     576.4229    
3200     1.6000       297.8992     356.3313     654.2305    
