nohup: 忽略输入
======================================================================
启动优化版本的DeepMD训练
======================================================================

优化配置:
  ✓ DataLoader: 启用 (4 workers)
  ✓ Batch Size: 4 (真实批处理)
  ✓ Grad Accumulation: 1
  ✓ pin_memory: True
  ✓ non_blocking: True
  ✓ prefetch_factor: 2

预期性能提升: 25-35%
总训练时间(100k步): ~13-14小时 (vs 20-21小时原始版本)

======================================================================

Starting optimized DeepMD training with DataLoader...
================================================================================
CUDA OPTIMIZATION CONFIGURATION
================================================================================
CUDA Available: True
PyTorch Version: 2.4.1
CUDA Version: 11.8
cuDNN Version: 91001
Number of GPUs: 1
cuDNN benchmark: ENABLED (faster conv/attn kernels)
TF32 tensor operations: ENABLED (safe for training)

GPU 0: NVIDIA L20-8Q
  Compute Capability: 8.9
  Total Memory: 8.36 GB


================================================================================
TRAINING CONFIGURATION (OPTIMIZED)
================================================================================
Training data: ['collect/O64H128']
Batch size: 4
Num workers: 4
Grad accumulation steps: 1
Total steps: 100000
pin_memory: True, non_blocking: True

Loaded 1823 frames, 192 atoms per frame
Atom types distribution: [ 64 128]
Dataset: 1823 frames, 192 atoms per frame
DataLoader: 456 batches per epoch

Creating model...
Model parameters: 514,661
Device: cuda

================================================================================
Training for 100000 steps...
================================================================================


[Epoch 1]
Step      1 | lr=9.999e-05 | loss=141.2122 | e_rmse=4.8267 f_rmse=0.8368 f_ema=0.8368 | 0.91 step/s | ETA: 30.4h
Step      2 | lr=9.999e-05 | loss=124.4517 | e_rmse=4.8273 f_rmse=0.7851 f_ema=0.8363 | 1.14 step/s | ETA: 24.4h
Step      3 | lr=9.998e-05 | loss=278.4382 | e_rmse=4.8175 f_rmse=1.1775 f_ema=0.8397 | 1.24 step/s | ETA: 22.4h
Step      4 | lr=9.997e-05 | loss=1086.3270 | e_rmse=4.7537 f_rmse=2.3294 f_ema=0.8546 | 1.30 step/s | ETA: 21.3h
Step      5 | lr=9.997e-05 | loss=266.3625 | e_rmse=4.8314 f_rmse=1.1515 f_ema=0.8576 | 1.34 step/s | ETA: 20.8h
Step    100 | lr=9.931e-05 | loss=143.3991 | e_rmse=4.7031 f_rmse=0.8437 f_ema=1.0148 | 1.50 step/s | ETA: 18.5h
Step    200 | lr=9.863e-05 | loss=128.0372 | e_rmse=3.9798 f_rmse=0.7981 f_ema=1.0885 | 1.52 step/s | ETA: 18.2h
Step    300 | lr=9.795e-05 | loss=262.2249 | e_rmse=3.5307 f_rmse=1.1449 f_ema=1.1370 | 1.53 step/s | ETA: 18.1h
Step    400 | lr=9.727e-05 | loss=94.4274 | e_rmse=2.8141 f_rmse=0.6866 f_ema=1.0855 | 1.54 step/s | ETA: 18.0h
Step    500 | lr=9.661e-05 | loss=98.5695 | e_rmse=1.8217 f_rmse=0.7027 f_ema=1.0731 | 1.53 step/s | ETA: 18.0h
Step    600 | lr=9.594e-05 | loss=110.2206 | e_rmse=1.5056 f_rmse=0.7436 f_ema=1.0658 | 1.54 step/s | ETA: 18.0h
Step    700 | lr=9.528e-05 | loss=765.9225 | e_rmse=1.1681 f_rmse=1.9620 f_ema=1.0967 | 1.54 step/s | ETA: 17.9h
Step    800 | lr=9.462e-05 | loss=646.1569 | e_rmse=0.9264 f_rmse=1.8028 f_ema=1.1625 | 1.54 step/s | ETA: 17.9h
Step    900 | lr=9.397e-05 | loss=224.7047 | e_rmse=0.9872 f_rmse=1.0634 f_ema=1.1368 | 1.54 step/s | ETA: 17.9h
Step   1000 | lr=9.333e-05 | loss=234.9370 | e_rmse=1.1754 f_rmse=1.0877 f_ema=1.0322 | 1.54 step/s | ETA: 17.9h
Step   1100 | lr=9.268e-05 | loss=506.7143 | e_rmse=1.3935 f_rmse=1.5981 f_ema=1.0553 | 1.54 step/s | ETA: 17.9h
Step   1200 | lr=9.204e-05 | loss=105.4087 | e_rmse=1.5254 f_rmse=0.7288 f_ema=1.1326 | 1.54 step/s | ETA: 17.8h
Step   1300 | lr=9.141e-05 | loss=249.9058 | e_rmse=0.9258 f_rmse=1.1232 f_ema=1.0932 | 1.54 step/s | ETA: 17.8h
Step   1400 | lr=9.078e-05 | loss=179.8883 | e_rmse=1.3527 f_rmse=0.9531 f_ema=1.0944 | 1.54 step/s | ETA: 17.8h
Step   1500 | lr=9.016e-05 | loss=369.6067 | e_rmse=1.5212 f_rmse=1.3669 f_ema=1.0652 | 1.54 step/s | ETA: 17.8h
Step   1600 | lr=8.954e-05 | loss=296.6620 | e_rmse=1.2501 f_rmse=1.2251 f_ema=1.0674 | 1.54 step/s | ETA: 17.8h
Step   1700 | lr=8.892e-05 | loss=148.4494 | e_rmse=1.2884 f_rmse=0.8668 f_ema=1.0656 | 1.54 step/s | ETA: 17.8h
Step   1800 | lr=8.831e-05 | loss=180.1151 | e_rmse=1.2276 f_rmse=0.9552 f_ema=1.0501 | 1.54 step/s | ETA: 17.8h

[Epoch 2]
已终止

======================================================================
训练完成!
======================================================================
