nohup: 忽略输入
starting high-performance DeepMD training with CUDA optimizations...
================================================================================
CUDA OPTIMIZATION CONFIGURATION
================================================================================
CUDA Available: True
PyTorch Version: 2.4.1
CUDA Version: 11.8
cuDNN Version: 91001
Number of GPUs: 1
cuDNN benchmark: ENABLED (faster conv/attn kernels)
TF32 tensor operations: ENABLED (safe for training)

GPU 0: NVIDIA L20-8Q
  Compute Capability: 8.9
  Total Memory: 8.36 GB

Loading config from config_formal_100k_fixed.json

================================================================================
TRAINING CONFIGURATION
================================================================================
Training data systems: ['collect/O64H128']
Batch size: 1 (FORCED to 1 for shape safety)
Effective batch size: 4 (via gradient accumulation)
Number of workers: 4
Gradient accumulation steps: 4
Mixed precision: False
Force loss type: mse (MSE)
Total training steps: 100000

Loaded 1823 frames, 192 atoms per frame
Atom types distribution: [ 64 128]
Loaded 1823 frames, 192 atoms per frame
Atom types distribution: [0 0 0 0 0 0 0 0 0 0 0 0 0 0 0 0 0 0 0 0 0 0 0 0 0 0 0 0 0 0 0 0 0 0 0 0 0
 0 0 0 0 0 0 0 0 0 0 0 0 0 0 0 0 0 0 0 0 0 0 0 0 0 0 0 1 1 1 1 1 1 1 1 1 1
 1 1 1 1 1 1 1 1 1 1 1 1 1 1 1 1 1 1 1 1 1 1 1 1 1 1 1 1 1 1 1 1 1 1 1 1 1
 1 1 1 1 1 1 1 1 1 1 1 1 1 1 1 1 1 1 1 1 1 1 1 1 1 1 1 1 1 1 1 1 1 1 1 1 1
 1 1 1 1 1 1 1 1 1 1 1 1 1 1 1 1 1 1 1 1 1 1 1 1 1 1 1 1 1 1 1 1 1 1 1 1 1
 1 1 1 1 1 1 1]
Training mode: Direct dataset access (no DataLoader)
Dataset will be accessed randomly via shuffled indices

Creating DeepMD model...
Model Parameters: 514,661 (trainable: 514,661)
Using device: cuda

================================================================================
Starting training for 100000 steps (batch size: 1)...
================================================================================

Step      1 (update=    0) | lr=9.999e-05 | loss=119.316 | e_rmse=4.9337 f_rmse=0.7684 f_ema=0.7684 | pref_e=0.05001 pref_f=200 | diff=0.000e+00 | 1.40 step/s | ETA: 19.9h
Step      2 (update=    0) | lr=9.999e-05 | loss=147.622 | e_rmse=4.9346 f_rmse=0.8556 f_ema=0.7693 | pref_e=0.05002 pref_f=200 | diff=0.000e+00 | 1.77 step/s | ETA: 15.7h
Step      3 (update=    0) | lr=9.998e-05 | loss=126.907 | e_rmse=4.9309 f_rmse=0.7928 f_ema=0.7695 | pref_e=0.05003 pref_f=200 | diff=0.000e+00 | 1.95 step/s | ETA: 14.3h
Step      4 (update=    1) | lr=9.997e-05 | loss=1041.86 | e_rmse=4.8316 f_rmse=2.2811 f_ema=0.7847 | pref_e=0.05004 pref_f=200 | diff=0.000e+00 | 2.02 step/s | ETA: 13.8h
Step      5 (update=    1) | lr=9.997e-05 | loss=819.123 | e_rmse=4.8259 f_rmse=2.0224 f_ema=0.7970 | pref_e=0.05005 pref_f=200 | diff=0.000e+00 | 2.10 step/s | ETA: 13.2h
Step    500 (update=  125) | lr=9.661e-05 | loss=116.118 | e_rmse=4.4557 f_rmse=0.7598 f_ema=1.0992 | pref_e=0.05475 pref_f=199.2 | diff=0.000e+00 | 2.51 step/s | ETA: 11.0h
Step   1000 (update=  250) | lr=9.333e-05 | loss=97.3091 | e_rmse=3.7058 f_rmse=0.6972 f_ema=1.1039 | pref_e=0.0595 pref_f=198.5 | diff=0.000e+00 | 2.49 step/s | ETA: 11.0h
Step   1500 (update=  375) | lr=9.016e-05 | loss=149.246 | e_rmse=3.6303 f_rmse=0.8663 f_ema=1.1029 | pref_e=0.06425 pref_f=197.8 | diff=0.000e+00 | 2.49 step/s | ETA: 11.0h
Step   2000 (update=  500) | lr=8.710e-05 | loss=667.326 | e_rmse=3.0701 f_rmse=1.8396 f_ema=1.1074 | pref_e=0.069 pref_f=197 | diff=0.000e+00 | 2.49 step/s | ETA: 11.0h
Step   2500 (update=  625) | lr=8.414e-05 | loss=406.4 | e_rmse=3.2283 f_rmse=1.4377 f_ema=1.0744 | pref_e=0.07375 pref_f=196.2 | diff=0.000e+00 | 2.49 step/s | ETA: 10.9h
Step   3000 (update=  750) | lr=8.128e-05 | loss=119.93 | e_rmse=3.0363 f_rmse=0.7809 f_ema=1.0901 | pref_e=0.0785 pref_f=195.5 | diff=0.000e+00 | 2.48 step/s | ETA: 10.8h
Step   3500 (update=  875) | lr=7.852e-05 | loss=243.411 | e_rmse=2.9394 f_rmse=1.1163 f_ema=1.0517 | pref_e=0.08325 pref_f=194.8 | diff=0.000e+00 | 2.49 step/s | ETA: 10.8h
Step   4000 (update= 1000) | lr=7.586e-05 | loss=121.781 | e_rmse=2.8474 f_rmse=0.7900 f_ema=1.0542 | pref_e=0.088 pref_f=194 | diff=0.000e+00 | 2.48 step/s | ETA: 10.7h
Step   4500 (update= 1125) | lr=7.328e-05 | loss=122.626 | e_rmse=2.6465 f_rmse=0.7945 f_ema=1.0831 | pref_e=0.09275 pref_f=193.2 | diff=0.000e+00 | 2.48 step/s | ETA: 10.7h
Step   5000 (update= 1250) | lr=7.079e-05 | loss=237.064 | e_rmse=2.4286 f_rmse=1.1084 f_ema=1.1716 | pref_e=0.0975 pref_f=192.5 | diff=0.000e+00 | 2.41 step/s | ETA: 11.0h
Saved checkpoint to checkpoints_fixed/model_step5000.pt
Step   5500 (update= 1375) | lr=6.839e-05 | loss=127.126 | e_rmse=2.6845 f_rmse=0.8119 f_ema=1.1111 | pref_e=0.1023 pref_f=191.8 | diff=0.000e+00 | 2.40 step/s | ETA: 10.9h
Step   6000 (update= 1500) | lr=6.607e-05 | loss=216.319 | e_rmse=2.4745 f_rmse=1.0626 f_ema=1.0691 | pref_e=0.107 pref_f=191 | diff=0.000e+00 | 2.36 step/s | ETA: 11.0h
Step   6500 (update= 1625) | lr=6.383e-05 | loss=141.289 | e_rmse=2.4065 f_rmse=0.8598 f_ema=1.0877 | pref_e=0.1118 pref_f=190.2 | diff=0.000e+00 | 2.27 step/s | ETA: 11.4h
Step   7000 (update= 1750) | lr=6.166e-05 | loss=104.493 | e_rmse=2.1222 f_rmse=0.7407 f_ema=1.0553 | pref_e=0.1165 pref_f=189.5 | diff=0.000e+00 | 2.20 step/s | ETA: 11.8h
Step   7500 (update= 1875) | lr=5.957e-05 | loss=198.525 | e_rmse=2.1216 f_rmse=1.0242 f_ema=0.9748 | pref_e=0.1212 pref_f=188.8 | diff=0.000e+00 | 2.13 step/s | ETA: 12.0h
Step   8000 (update= 2000) | lr=5.754e-05 | loss=184.209 | e_rmse=2.4113 f_rmse=0.9879 f_ema=1.0827 | pref_e=0.126 pref_f=188 | diff=0.000e+00 | 2.08 step/s | ETA: 12.3h
Step   8500 (update= 2125) | lr=5.559e-05 | loss=338.972 | e_rmse=2.4109 f_rmse=1.3440 f_ema=1.0462 | pref_e=0.1308 pref_f=187.2 | diff=0.000e+00 | 2.09 step/s | ETA: 12.1h
Step   9000 (update= 2250) | lr=5.370e-05 | loss=89.0092 | e_rmse=2.2513 f_rmse=0.6882 f_ema=1.0888 | pref_e=0.1355 pref_f=186.5 | diff=0.000e+00 | 2.11 step/s | ETA: 12.0h
Step   9500 (update= 2375) | lr=5.188e-05 | loss=98.9284 | e_rmse=2.1548 f_rmse=0.7274 f_ema=1.0446 | pref_e=0.1402 pref_f=185.8 | diff=0.000e+00 | 2.13 step/s | ETA: 11.8h
Step  10000 (update= 2500) | lr=5.012e-05 | loss=391.846 | e_rmse=2.4569 f_rmse=1.4537 f_ema=1.0565 | pref_e=0.145 pref_f=185 | diff=0.000e+00 | 2.09 step/s | ETA: 12.0h
Saved checkpoint to checkpoints_fixed/model_step10000.pt
Step  10500 (update= 2625) | lr=4.842e-05 | loss=116.052 | e_rmse=2.0273 f_rmse=0.7915 f_ema=1.0366 | pref_e=0.1497 pref_f=184.2 | diff=0.000e+00 | 2.05 step/s | ETA: 12.1h
Step  11000 (update= 2750) | lr=4.677e-05 | loss=114.685 | e_rmse=2.3032 f_rmse=0.7877 f_ema=1.0396 | pref_e=0.1545 pref_f=183.5 | diff=0.000e+00 | 2.02 step/s | ETA: 12.2h
Step  11500 (update= 2875) | lr=4.519e-05 | loss=126.987 | e_rmse=2.2467 f_rmse=0.8309 f_ema=1.0085 | pref_e=0.1593 pref_f=182.8 | diff=0.000e+00 | 2.00 step/s | ETA: 12.3h
Step  12000 (update= 3000) | lr=4.365e-05 | loss=365.383 | e_rmse=2.1744 f_rmse=1.4154 f_ema=1.0366 | pref_e=0.164 pref_f=182 | diff=0.000e+00 | 1.97 step/s | ETA: 12.4h
Step  12500 (update= 3125) | lr=4.217e-05 | loss=206.411 | e_rmse=2.2795 f_rmse=1.0649 f_ema=1.0085 | pref_e=0.1688 pref_f=181.2 | diff=0.000e+00 | 1.95 step/s | ETA: 12.5h
Step  13000 (update= 3250) | lr=4.074e-05 | loss=197.915 | e_rmse=2.6165 f_rmse=1.0440 f_ema=1.0023 | pref_e=0.1735 pref_f=180.5 | diff=0.000e+00 | 1.93 step/s | ETA: 12.5h
Step  13500 (update= 3375) | lr=3.936e-05 | loss=97.6512 | e_rmse=2.9337 f_rmse=0.7312 f_ema=0.9959 | pref_e=0.1783 pref_f=179.8 | diff=0.000e+00 | 1.91 step/s | ETA: 12.6h
Step  14000 (update= 3500) | lr=3.802e-05 | loss=645.023 | e_rmse=2.3627 f_rmse=1.8968 f_ema=1.0238 | pref_e=0.183 pref_f=179 | diff=0.000e+00 | 1.90 step/s | ETA: 12.6h
Step  14500 (update= 3625) | lr=3.673e-05 | loss=376.146 | e_rmse=2.4390 f_rmse=1.4505 f_ema=1.0216 | pref_e=0.1877 pref_f=178.2 | diff=0.000e+00 | 1.88 step/s | ETA: 12.6h
Step  15000 (update= 3750) | lr=3.548e-05 | loss=316.177 | e_rmse=2.5985 f_rmse=1.3319 f_ema=1.0210 | pref_e=0.1925 pref_f=177.5 | diff=0.000e+00 | 1.87 step/s | ETA: 12.6h
Saved checkpoint to checkpoints_fixed/model_step15000.pt
Step  15500 (update= 3875) | lr=3.428e-05 | loss=83.6192 | e_rmse=2.6204 f_rmse=0.6822 f_ema=1.0086 | pref_e=0.1972 pref_f=176.8 | diff=0.000e+00 | 1.85 step/s | ETA: 12.7h
Step  16000 (update= 4000) | lr=3.311e-05 | loss=275.447 | e_rmse=2.5340 f_rmse=1.2481 f_ema=0.9695 | pref_e=0.202 pref_f=176 | diff=0.000e+00 | 1.84 step/s | ETA: 12.7h
Step  16500 (update= 4125) | lr=3.199e-05 | loss=91.1967 | e_rmse=2.6862 f_rmse=0.7154 f_ema=0.9746 | pref_e=0.2067 pref_f=175.2 | diff=0.000e+00 | 1.83 step/s | ETA: 12.7h
Step  17000 (update= 4250) | lr=3.090e-05 | loss=435.379 | e_rmse=3.1925 f_rmse=1.5756 f_ema=1.0963 | pref_e=0.2115 pref_f=174.5 | diff=0.000e+00 | 1.82 step/s | ETA: 12.7h
Step  17500 (update= 4375) | lr=2.985e-05 | loss=80.3623 | e_rmse=2.6102 f_rmse=0.6738 f_ema=0.9534 | pref_e=0.2162 pref_f=173.8 | diff=0.000e+00 | 1.81 step/s | ETA: 12.6h
Step  18000 (update= 4500) | lr=2.884e-05 | loss=75.541 | e_rmse=2.7284 f_rmse=0.6536 f_ema=0.9918 | pref_e=0.221 pref_f=173 | diff=0.000e+00 | 1.80 step/s | ETA: 12.6h
Step  18500 (update= 4625) | lr=2.786e-05 | loss=92.9922 | e_rmse=2.4721 f_rmse=0.7293 f_ema=0.9942 | pref_e=0.2258 pref_f=172.2 | diff=0.000e+00 | 1.80 step/s | ETA: 12.6h
Step  19000 (update= 4750) | lr=2.692e-05 | loss=78.4687 | e_rmse=2.5424 f_rmse=0.6700 f_ema=1.0604 | pref_e=0.2305 pref_f=171.5 | diff=0.000e+00 | 1.79 step/s | ETA: 12.6h
Step  19500 (update= 4875) | lr=2.600e-05 | loss=210.89 | e_rmse=2.3994 f_rmse=1.1078 f_ema=0.9213 | pref_e=0.2353 pref_f=170.8 | diff=0.000e+00 | 1.78 step/s | ETA: 12.6h
Step  20000 (update= 5000) | lr=2.512e-05 | loss=89.7421 | e_rmse=2.4063 f_rmse=0.7209 f_ema=0.9462 | pref_e=0.24 pref_f=170 | diff=0.000e+00 | 1.77 step/s | ETA: 12.5h
Saved checkpoint to checkpoints_fixed/model_step20000.pt
Step  20500 (update= 5125) | lr=2.427e-05 | loss=128.166 | e_rmse=2.3984 f_rmse=0.8654 f_ema=1.0018 | pref_e=0.2447 pref_f=169.2 | diff=0.000e+00 | 1.77 step/s | ETA: 12.5h
Step  21000 (update= 5250) | lr=2.344e-05 | loss=81.6302 | e_rmse=2.6754 f_rmse=0.6884 f_ema=0.9766 | pref_e=0.2495 pref_f=168.5 | diff=0.000e+00 | 1.76 step/s | ETA: 12.5h
Step  21500 (update= 5375) | lr=2.265e-05 | loss=423.058 | e_rmse=1.9518 f_rmse=1.5862 f_ema=0.9524 | pref_e=0.2542 pref_f=167.8 | diff=0.000e+00 | 1.75 step/s | ETA: 12.4h
Step  22000 (update= 5500) | lr=2.188e-05 | loss=82.3669 | e_rmse=2.3192 f_rmse=0.6963 f_ema=0.9596 | pref_e=0.259 pref_f=167 | diff=0.000e+00 | 1.75 step/s | ETA: 12.4h
Step  22500 (update= 5625) | lr=2.113e-05 | loss=498.501 | e_rmse=2.1888 f_rmse=1.7294 f_ema=0.9992 | pref_e=0.2637 pref_f=166.2 | diff=0.000e+00 | 1.74 step/s | ETA: 12.3h
Step  23000 (update= 5750) | lr=2.042e-05 | loss=1383.88 | e_rmse=2.1886 f_rmse=2.8903 f_ema=0.9881 | pref_e=0.2685 pref_f=165.5 | diff=0.000e+00 | 1.74 step/s | ETA: 12.3h
Step  23500 (update= 5875) | lr=1.972e-05 | loss=114.879 | e_rmse=1.9880 f_rmse=0.8311 f_ema=0.9824 | pref_e=0.2732 pref_f=164.8 | diff=0.000e+00 | 1.73 step/s | ETA: 12.3h
Step  24000 (update= 6000) | lr=1.905e-05 | loss=194.539 | e_rmse=1.6306 f_rmse=1.0871 f_ema=0.9805 | pref_e=0.278 pref_f=164 | diff=0.000e+00 | 1.73 step/s | ETA: 12.2h
Step  24500 (update= 6125) | lr=1.841e-05 | loss=117.374 | e_rmse=0.8863 f_rmse=0.8471 f_ema=0.9535 | pref_e=0.2828 pref_f=163.2 | diff=0.000e+00 | 1.72 step/s | ETA: 12.2h
Step  25000 (update= 6250) | lr=1.778e-05 | loss=83.8747 | e_rmse=1.4086 f_rmse=0.7160 f_ema=0.9362 | pref_e=0.2875 pref_f=162.5 | diff=0.000e+00 | 1.72 step/s | ETA: 12.1h
Saved checkpoint to checkpoints_fixed/model_step25000.pt
Step  25500 (update= 6375) | lr=1.718e-05 | loss=224.156 | e_rmse=1.3840 f_rmse=1.1757 f_ema=0.9541 | pref_e=0.2923 pref_f=161.8 | diff=0.000e+00 | 1.72 step/s | ETA: 12.1h
Step  26000 (update= 6500) | lr=1.660e-05 | loss=230.003 | e_rmse=0.9172 f_rmse=1.1946 f_ema=0.9532 | pref_e=0.297 pref_f=161 | diff=0.000e+00 | 1.71 step/s | ETA: 12.0h
Step  26500 (update= 6625) | lr=1.603e-05 | loss=286.648 | e_rmse=1.0832 f_rmse=1.3366 f_ema=0.9211 | pref_e=0.3017 pref_f=160.2 | diff=0.000e+00 | 1.71 step/s | ETA: 11.9h
Step  27000 (update= 6750) | lr=1.549e-05 | loss=70.482 | e_rmse=1.2043 f_rmse=0.6627 f_ema=0.9529 | pref_e=0.3065 pref_f=159.5 | diff=0.000e+00 | 1.71 step/s | ETA: 11.9h
Step  27500 (update= 6875) | lr=1.496e-05 | loss=82.785 | e_rmse=2.0870 f_rmse=0.7162 f_ema=0.9981 | pref_e=0.3112 pref_f=158.8 | diff=0.000e+00 | 1.70 step/s | ETA: 11.8h
Step  28000 (update= 7000) | lr=1.445e-05 | loss=64.4621 | e_rmse=1.6344 f_rmse=0.6345 f_ema=0.9304 | pref_e=0.316 pref_f=158 | diff=0.000e+00 | 1.70 step/s | ETA: 11.8h
Step  28500 (update= 7125) | lr=1.396e-05 | loss=65.4449 | e_rmse=0.9175 f_rmse=0.6438 f_ema=0.9000 | pref_e=0.3207 pref_f=157.2 | diff=0.000e+00 | 1.70 step/s | ETA: 11.7h
Step  29000 (update= 7250) | lr=1.349e-05 | loss=229.489 | e_rmse=0.7901 f_rmse=1.2104 f_ema=0.9108 | pref_e=0.3255 pref_f=156.5 | diff=0.000e+00 | 1.69 step/s | ETA: 11.6h
Step  29500 (update= 7375) | lr=1.303e-05 | loss=164.449 | e_rmse=0.1147 f_rmse=1.0275 f_ema=0.8999 | pref_e=0.3302 pref_f=155.8 | diff=0.000e+00 | 1.69 step/s | ETA: 11.6h
Step  30000 (update= 7500) | lr=1.259e-05 | loss=244.375 | e_rmse=1.2461 f_rmse=1.2543 f_ema=0.9414 | pref_e=0.335 pref_f=155 | diff=0.000e+00 | 1.69 step/s | ETA: 11.5h
Saved checkpoint to checkpoints_fixed/model_step30000.pt
Step  30500 (update= 7625) | lr=1.216e-05 | loss=56.0145 | e_rmse=0.6780 f_rmse=0.6018 f_ema=0.9323 | pref_e=0.3397 pref_f=154.2 | diff=0.000e+00 | 1.68 step/s | ETA: 11.5h
Step  31000 (update= 7750) | lr=1.175e-05 | loss=130.403 | e_rmse=0.1486 f_rmse=0.9217 f_ema=0.9046 | pref_e=0.3445 pref_f=153.5 | diff=0.000e+00 | 1.68 step/s | ETA: 11.4h
Step  31500 (update= 7875) | lr=1.135e-05 | loss=74.4032 | e_rmse=1.0285 f_rmse=0.6962 f_ema=0.9424 | pref_e=0.3492 pref_f=152.8 | diff=0.000e+00 | 1.68 step/s | ETA: 11.3h
Step  32000 (update= 8000) | lr=1.096e-05 | loss=65.5188 | e_rmse=0.8455 f_rmse=0.6553 f_ema=0.8922 | pref_e=0.354 pref_f=152 | diff=0.000e+00 | 1.68 step/s | ETA: 11.3h
Step  32500 (update= 8125) | lr=1.059e-05 | loss=75.2856 | e_rmse=1.7113 f_rmse=0.7006 f_ema=0.9429 | pref_e=0.3587 pref_f=151.2 | diff=0.000e+00 | 1.67 step/s | ETA: 11.2h
Step  33000 (update= 8250) | lr=1.023e-05 | loss=53.0477 | e_rmse=1.0117 f_rmse=0.5916 f_ema=0.9795 | pref_e=0.3635 pref_f=150.5 | diff=0.000e+00 | 1.67 step/s | ETA: 11.1h
Step  33500 (update= 8375) | lr=9.886e-06 | loss=58.8016 | e_rmse=0.0549 f_rmse=0.6266 f_ema=0.8648 | pref_e=0.3682 pref_f=149.8 | diff=0.000e+00 | 1.67 step/s | ETA: 11.1h
Step  34000 (update= 8500) | lr=9.550e-06 | loss=190.56 | e_rmse=0.2249 f_rmse=1.1308 f_ema=0.9388 | pref_e=0.373 pref_f=149 | diff=0.000e+00 | 1.67 step/s | ETA: 11.0h
Step  34500 (update= 8625) | lr=9.226e-06 | loss=131.566 | e_rmse=0.1790 f_rmse=0.9420 f_ema=0.8863 | pref_e=0.3777 pref_f=148.2 | diff=0.000e+00 | 1.67 step/s | ETA: 10.9h
Step  35000 (update= 8750) | lr=8.913e-06 | loss=213.565 | e_rmse=0.1378 f_rmse=1.2033 f_ema=0.9582 | pref_e=0.3825 pref_f=147.5 | diff=0.000e+00 | 1.66 step/s | ETA: 10.8h
Saved checkpoint to checkpoints_fixed/model_step35000.pt
Step  35500 (update= 8875) | lr=8.610e-06 | loss=54.8692 | e_rmse=0.7235 f_rmse=0.6103 f_ema=0.8792 | pref_e=0.3872 pref_f=146.8 | diff=0.000e+00 | 1.66 step/s | ETA: 10.8h
Step  36000 (update= 9000) | lr=8.318e-06 | loss=68.6625 | e_rmse=0.2115 f_rmse=0.6857 f_ema=0.8795 | pref_e=0.392 pref_f=146 | diff=0.000e+00 | 1.66 step/s | ETA: 10.7h
Step  36500 (update= 9125) | lr=8.035e-06 | loss=119.525 | e_rmse=0.7695 f_rmse=0.9062 f_ema=0.8781 | pref_e=0.3967 pref_f=145.2 | diff=0.000e+00 | 1.66 step/s | ETA: 10.6h
Step  37000 (update= 9250) | lr=7.762e-06 | loss=54.8096 | e_rmse=0.4478 f_rmse=0.6154 f_ema=0.8822 | pref_e=0.4015 pref_f=144.5 | diff=0.000e+00 | 1.66 step/s | ETA: 10.6h
Step  37500 (update= 9375) | lr=7.499e-06 | loss=54.2062 | e_rmse=0.0545 f_rmse=0.6141 f_ema=0.8510 | pref_e=0.4062 pref_f=143.8 | diff=0.000e+00 | 1.66 step/s | ETA: 10.5h
Step  38000 (update= 9500) | lr=7.244e-06 | loss=51.388 | e_rmse=0.5503 f_rmse=0.5987 f_ema=0.9023 | pref_e=0.411 pref_f=143 | diff=0.000e+00 | 1.65 step/s | ETA: 10.4h
Step  38500 (update= 9625) | lr=6.998e-06 | loss=55.7011 | e_rmse=0.0853 f_rmse=0.6257 f_ema=0.8688 | pref_e=0.4157 pref_f=142.2 | diff=0.000e+00 | 1.65 step/s | ETA: 10.3h
Step  39000 (update= 9750) | lr=6.761e-06 | loss=47.6378 | e_rmse=0.5872 f_rmse=0.5793 f_ema=0.9113 | pref_e=0.4205 pref_f=141.5 | diff=0.000e+00 | 1.65 step/s | ETA: 10.3h
Step  39500 (update= 9875) | lr=6.531e-06 | loss=49.9861 | e_rmse=0.2087 f_rmse=0.5958 f_ema=0.8939 | pref_e=0.4252 pref_f=140.8 | diff=0.000e+00 | 1.65 step/s | ETA: 10.2h
Step  40000 (update=10000) | lr=6.310e-06 | loss=91.1236 | e_rmse=0.2833 f_rmse=0.8066 f_ema=0.8971 | pref_e=0.43 pref_f=140 | diff=0.000e+00 | 1.65 step/s | ETA: 10.1h
Saved checkpoint to checkpoints_fixed/model_step40000.pt
Step  40500 (update=10125) | lr=6.095e-06 | loss=52.7093 | e_rmse=0.4997 f_rmse=0.6146 f_ema=0.8750 | pref_e=0.4347 pref_f=139.2 | diff=0.000e+00 | 1.65 step/s | ETA: 10.0h
Step  41000 (update=10250) | lr=5.888e-06 | loss=493.76 | e_rmse=0.0822 f_rmse=1.8881 f_ema=0.8848 | pref_e=0.4395 pref_f=138.5 | diff=0.000e+00 | 1.64 step/s | ETA: 10.0h
Step  41500 (update=10375) | lr=5.689e-06 | loss=88.1024 | e_rmse=0.4400 f_rmse=0.7993 f_ema=0.9113 | pref_e=0.4442 pref_f=137.8 | diff=0.000e+00 | 1.64 step/s | ETA: 9.9h
Step  42000 (update=10500) | lr=5.495e-06 | loss=103.346 | e_rmse=0.2893 f_rmse=0.8684 f_ema=0.8314 | pref_e=0.449 pref_f=137 | diff=0.000e+00 | 1.64 step/s | ETA: 9.8h
Step  42500 (update=10625) | lr=5.309e-06 | loss=63.785 | e_rmse=0.4956 f_rmse=0.6836 f_ema=0.9016 | pref_e=0.4537 pref_f=136.2 | diff=0.000e+00 | 1.64 step/s | ETA: 9.7h
Step  43000 (update=10750) | lr=5.129e-06 | loss=131.949 | e_rmse=0.0444 f_rmse=0.9868 f_ema=0.8755 | pref_e=0.4585 pref_f=135.5 | diff=0.000e+00 | 1.64 step/s | ETA: 9.7h
Step  43500 (update=10875) | lr=4.955e-06 | loss=202.135 | e_rmse=0.3704 f_rmse=1.2246 f_ema=0.8874 | pref_e=0.4632 pref_f=134.8 | diff=0.000e+00 | 1.64 step/s | ETA: 9.6h
Step  44000 (update=11000) | lr=4.786e-06 | loss=63.9143 | e_rmse=0.1172 f_rmse=0.6906 f_ema=0.8416 | pref_e=0.468 pref_f=134 | diff=0.000e+00 | 1.64 step/s | ETA: 9.5h
Step  44500 (update=11125) | lr=4.624e-06 | loss=62.7205 | e_rmse=0.4515 f_rmse=0.6855 f_ema=0.8768 | pref_e=0.4727 pref_f=133.2 | diff=0.000e+00 | 1.64 step/s | ETA: 9.4h
Step  45000 (update=11250) | lr=4.467e-06 | loss=59.6903 | e_rmse=0.1447 f_rmse=0.6711 f_ema=0.8544 | pref_e=0.4775 pref_f=132.5 | diff=0.000e+00 | 1.64 step/s | ETA: 9.3h
Saved checkpoint to checkpoints_fixed/model_step45000.pt
Step  45500 (update=11375) | lr=4.315e-06 | loss=51.2913 | e_rmse=0.3673 f_rmse=0.6235 f_ema=0.8448 | pref_e=0.4822 pref_f=131.8 | diff=0.000e+00 | 1.63 step/s | ETA: 9.3h
Step  46000 (update=11500) | lr=4.169e-06 | loss=46.097 | e_rmse=0.1069 f_rmse=0.5932 f_ema=0.8569 | pref_e=0.487 pref_f=131 | diff=0.000e+00 | 1.63 step/s | ETA: 9.2h
Step  46500 (update=11625) | lr=4.027e-06 | loss=57.8408 | e_rmse=0.1212 f_rmse=0.6663 f_ema=0.8369 | pref_e=0.4917 pref_f=130.2 | diff=0.000e+00 | 1.63 step/s | ETA: 9.1h
Step  47000 (update=11750) | lr=3.890e-06 | loss=79.2899 | e_rmse=0.1456 f_rmse=0.7824 f_ema=0.8478 | pref_e=0.4965 pref_f=129.5 | diff=0.000e+00 | 1.63 step/s | ETA: 9.0h
Step  47500 (update=11875) | lr=3.758e-06 | loss=47.5794 | e_rmse=0.2813 f_rmse=0.6077 f_ema=0.8233 | pref_e=0.5012 pref_f=128.8 | diff=0.000e+00 | 1.63 step/s | ETA: 8.9h
Step  48000 (update=12000) | lr=3.631e-06 | loss=40.0877 | e_rmse=0.4792 f_rmse=0.5588 f_ema=0.8692 | pref_e=0.506 pref_f=128 | diff=0.000e+00 | 1.63 step/s | ETA: 8.9h
Step  48500 (update=12125) | lr=3.508e-06 | loss=46.723 | e_rmse=0.1839 f_rmse=0.6058 f_ema=0.8518 | pref_e=0.5108 pref_f=127.2 | diff=0.000e+00 | 1.63 step/s | ETA: 8.8h
Step  49000 (update=12250) | lr=3.388e-06 | loss=54.2235 | e_rmse=0.6256 f_rmse=0.6535 f_ema=0.8541 | pref_e=0.5155 pref_f=126.5 | diff=0.000e+00 | 1.63 step/s | ETA: 8.7h
Step  49500 (update=12375) | lr=3.273e-06 | loss=100.596 | e_rmse=0.0367 f_rmse=0.8944 f_ema=0.8781 | pref_e=0.5202 pref_f=125.8 | diff=0.000e+00 | 1.63 step/s | ETA: 8.6h
Step  50000 (update=12500) | lr=3.162e-06 | loss=608.547 | e_rmse=0.7731 f_rmse=2.2059 f_ema=0.8569 | pref_e=0.525 pref_f=125 | diff=0.000e+00 | 1.63 step/s | ETA: 8.5h
Saved checkpoint to checkpoints_fixed/model_step50000.pt
Step  50500 (update=12625) | lr=3.055e-06 | loss=38.1519 | e_rmse=0.0554 f_rmse=0.5541 f_ema=0.8772 | pref_e=0.5297 pref_f=124.2 | diff=0.000e+00 | 1.62 step/s | ETA: 8.5h
Step  51000 (update=12750) | lr=2.951e-06 | loss=45.6412 | e_rmse=0.2936 f_rmse=0.6076 f_ema=0.8086 | pref_e=0.5345 pref_f=123.5 | diff=0.000e+00 | 1.62 step/s | ETA: 8.4h
Step  51500 (update=12875) | lr=2.851e-06 | loss=41.5731 | e_rmse=0.5429 f_rmse=0.5808 f_ema=0.8564 | pref_e=0.5393 pref_f=122.8 | diff=0.000e+00 | 1.62 step/s | ETA: 8.3h
Step  52000 (update=13000) | lr=2.754e-06 | loss=93.0398 | e_rmse=0.0094 f_rmse=0.8733 f_ema=0.8393 | pref_e=0.544 pref_f=122 | diff=0.000e+00 | 1.62 step/s | ETA: 8.2h
Step  52500 (update=13125) | lr=2.661e-06 | loss=98.3767 | e_rmse=0.0361 f_rmse=0.9007 f_ema=0.8019 | pref_e=0.5487 pref_f=121.2 | diff=0.000e+00 | 1.62 step/s | ETA: 8.1h
Step  53000 (update=13250) | lr=2.570e-06 | loss=46.7756 | e_rmse=0.2006 f_rmse=0.6229 f_ema=0.8691 | pref_e=0.5535 pref_f=120.5 | diff=0.000e+00 | 1.62 step/s | ETA: 8.1h
Step  53500 (update=13375) | lr=2.483e-06 | loss=41.9612 | e_rmse=0.0243 f_rmse=0.5919 f_ema=0.8168 | pref_e=0.5583 pref_f=119.8 | diff=0.000e+00 | 1.62 step/s | ETA: 8.0h
Step  54000 (update=13500) | lr=2.399e-06 | loss=70.7651 | e_rmse=0.3417 f_rmse=0.7708 f_ema=0.8790 | pref_e=0.563 pref_f=119 | diff=0.000e+00 | 1.62 step/s | ETA: 7.9h
Step  54500 (update=13625) | lr=2.317e-06 | loss=133.927 | e_rmse=0.0548 f_rmse=1.0642 f_ema=0.8389 | pref_e=0.5678 pref_f=118.2 | diff=0.000e+00 | 1.62 step/s | ETA: 7.8h
Step  55000 (update=13750) | lr=2.239e-06 | loss=522.496 | e_rmse=0.1826 f_rmse=2.1087 f_ema=0.8053 | pref_e=0.5725 pref_f=117.5 | diff=0.000e+00 | 1.62 step/s | ETA: 7.7h
Saved checkpoint to checkpoints_fixed/model_step55000.pt
Step  55500 (update=13875) | lr=2.163e-06 | loss=35.0878 | e_rmse=0.0309 f_rmse=0.5482 f_ema=0.8859 | pref_e=0.5773 pref_f=116.7 | diff=0.000e+00 | 1.62 step/s | ETA: 7.6h
Step  56000 (update=14000) | lr=2.089e-06 | loss=59.329 | e_rmse=0.2490 f_rmse=0.7149 f_ema=0.7795 | pref_e=0.582 pref_f=116 | diff=0.000e+00 | 1.62 step/s | ETA: 7.6h
Step  56500 (update=14125) | lr=2.018e-06 | loss=682.031 | e_rmse=0.0938 f_rmse=2.4327 f_ema=0.8585 | pref_e=0.5867 pref_f=115.3 | diff=0.000e+00 | 1.61 step/s | ETA: 7.5h
Step  57000 (update=14250) | lr=1.950e-06 | loss=136.187 | e_rmse=0.2778 f_rmse=1.0904 f_ema=0.8078 | pref_e=0.5915 pref_f=114.5 | diff=0.000e+00 | 1.61 step/s | ETA: 7.4h
Step  57500 (update=14375) | lr=1.884e-06 | loss=136.847 | e_rmse=0.1718 f_rmse=1.0968 f_ema=0.8431 | pref_e=0.5962 pref_f=113.8 | diff=0.000e+00 | 1.61 step/s | ETA: 7.3h
Step  58000 (update=14500) | lr=1.820e-06 | loss=88.2264 | e_rmse=0.0124 f_rmse=0.8836 f_ema=0.8351 | pref_e=0.601 pref_f=113 | diff=0.000e+00 | 1.61 step/s | ETA: 7.2h
Step  58500 (update=14625) | lr=1.758e-06 | loss=42.0028 | e_rmse=0.1022 f_rmse=0.6117 f_ema=0.8093 | pref_e=0.6058 pref_f=112.2 | diff=0.000e+00 | 1.61 step/s | ETA: 7.2h
Step  59000 (update=14750) | lr=1.698e-06 | loss=42.9718 | e_rmse=0.0677 f_rmse=0.6208 f_ema=0.8114 | pref_e=0.6105 pref_f=111.5 | diff=0.000e+00 | 1.61 step/s | ETA: 7.1h
Step  59500 (update=14875) | lr=1.641e-06 | loss=70.688 | e_rmse=0.3874 f_rmse=0.7984 f_ema=0.8290 | pref_e=0.6152 pref_f=110.8 | diff=0.000e+00 | 1.61 step/s | ETA: 7.0h
Step  60000 (update=15000) | lr=1.585e-06 | loss=41.5339 | e_rmse=0.1669 f_rmse=0.6143 f_ema=0.8364 | pref_e=0.62 pref_f=110 | diff=0.000e+00 | 1.61 step/s | ETA: 6.9h
Saved checkpoint to checkpoints_fixed/model_step60000.pt
Step  60500 (update=15125) | lr=1.531e-06 | loss=81.6066 | e_rmse=0.0464 f_rmse=0.8643 f_ema=0.8523 | pref_e=0.6248 pref_f=109.2 | diff=0.000e+00 | 1.61 step/s | ETA: 6.8h
Step  61000 (update=15250) | lr=1.479e-06 | loss=131.667 | e_rmse=0.0857 f_rmse=1.1016 f_ema=0.8165 | pref_e=0.6295 pref_f=108.5 | diff=0.000e+00 | 1.61 step/s | ETA: 6.7h
Step  61500 (update=15375) | lr=1.429e-06 | loss=50.4401 | e_rmse=0.2240 f_rmse=0.6840 f_ema=0.8368 | pref_e=0.6342 pref_f=107.8 | diff=0.000e+00 | 1.61 step/s | ETA: 6.6h
Step  62000 (update=15500) | lr=1.380e-06 | loss=113.994 | e_rmse=0.1950 f_rmse=1.0321 f_ema=0.7839 | pref_e=0.639 pref_f=107 | diff=0.000e+00 | 1.61 step/s | ETA: 6.6h
Step  62500 (update=15625) | lr=1.334e-06 | loss=39.8658 | e_rmse=0.1593 f_rmse=0.6124 f_ema=0.8180 | pref_e=0.6438 pref_f=106.2 | diff=0.000e+00 | 1.61 step/s | ETA: 6.5h
Step  63000 (update=15750) | lr=1.288e-06 | loss=78.9622 | e_rmse=0.0426 f_rmse=0.8651 f_ema=0.8238 | pref_e=0.6485 pref_f=105.5 | diff=0.000e+00 | 1.61 step/s | ETA: 6.4h
Step  63500 (update=15875) | lr=1.245e-06 | loss=59.0362 | e_rmse=0.1417 f_rmse=0.7506 f_ema=0.7966 | pref_e=0.6532 pref_f=104.8 | diff=0.000e+00 | 1.61 step/s | ETA: 6.3h
Step  64000 (update=16000) | lr=1.202e-06 | loss=38.6252 | e_rmse=0.1652 f_rmse=0.6093 f_ema=0.8521 | pref_e=0.658 pref_f=104 | diff=0.000e+00 | 1.61 step/s | ETA: 6.2h
Step  64500 (update=16125) | lr=1.161e-06 | loss=49.116 | e_rmse=0.0583 f_rmse=0.6897 f_ema=0.7981 | pref_e=0.6628 pref_f=103.2 | diff=0.000e+00 | 1.61 step/s | ETA: 6.1h
Step  65000 (update=16250) | lr=1.122e-06 | loss=68.0044 | e_rmse=0.2088 f_rmse=0.8144 f_ema=0.7862 | pref_e=0.6675 pref_f=102.5 | diff=0.000e+00 | 1.60 step/s | ETA: 6.1h
Saved checkpoint to checkpoints_fixed/model_step65000.pt
Step  65500 (update=16375) | lr=1.084e-06 | loss=116.113 | e_rmse=0.3033 f_rmse=1.0680 f_ema=0.7909 | pref_e=0.6723 pref_f=101.8 | diff=0.000e+00 | 1.60 step/s | ETA: 6.0h
Step  66000 (update=16500) | lr=1.047e-06 | loss=38.4834 | e_rmse=0.0544 f_rmse=0.6173 f_ema=0.8572 | pref_e=0.677 pref_f=101 | diff=0.000e+00 | 1.60 step/s | ETA: 5.9h
Step  66500 (update=16625) | lr=1.012e-06 | loss=40.2166 | e_rmse=0.1002 f_rmse=0.6333 f_ema=0.7820 | pref_e=0.6818 pref_f=100.2 | diff=0.000e+00 | 1.60 step/s | ETA: 5.8h
Step  67000 (update=16750) | lr=9.772e-07 | loss=33.3392 | e_rmse=0.0375 f_rmse=0.5788 f_ema=0.8535 | pref_e=0.6865 pref_f=99.5 | diff=0.000e+00 | 1.60 step/s | ETA: 5.7h
Step  67500 (update=16875) | lr=9.441e-07 | loss=36.6439 | e_rmse=0.3077 f_rmse=0.6086 f_ema=0.8467 | pref_e=0.6913 pref_f=98.75 | diff=0.000e+00 | 1.60 step/s | ETA: 5.6h
Step  68000 (update=17000) | lr=9.120e-07 | loss=34.6232 | e_rmse=0.1490 f_rmse=0.5943 f_ema=0.8000 | pref_e=0.696 pref_f=98 | diff=0.000e+00 | 1.60 step/s | ETA: 5.6h
Step  68500 (update=17125) | lr=8.810e-07 | loss=348.364 | e_rmse=0.3321 f_rmse=1.8924 f_ema=0.7973 | pref_e=0.7008 pref_f=97.25 | diff=0.000e+00 | 1.60 step/s | ETA: 5.5h
Step  69000 (update=17250) | lr=8.511e-07 | loss=85.828 | e_rmse=0.0006 f_rmse=0.9431 f_ema=0.8300 | pref_e=0.7055 pref_f=96.5 | diff=0.000e+00 | 1.60 step/s | ETA: 5.4h
Step  69500 (update=17375) | lr=8.222e-07 | loss=66.5865 | e_rmse=0.1590 f_rmse=0.8338 f_ema=0.8192 | pref_e=0.7102 pref_f=95.75 | diff=0.000e+00 | 1.60 step/s | ETA: 5.3h
Step  70000 (update=17500) | lr=7.943e-07 | loss=42.3751 | e_rmse=0.1734 f_rmse=0.6677 f_ema=0.8094 | pref_e=0.715 pref_f=95 | diff=0.000e+00 | 1.60 step/s | ETA: 5.2h
Saved checkpoint to checkpoints_fixed/model_step70000.pt
Step  70500 (update=17625) | lr=7.674e-07 | loss=45.1835 | e_rmse=0.4135 f_rmse=0.6914 f_ema=0.8495 | pref_e=0.7198 pref_f=94.25 | diff=0.000e+00 | 1.60 step/s | ETA: 5.1h
Step  71000 (update=17750) | lr=7.413e-07 | loss=381.091 | e_rmse=0.0031 f_rmse=2.0189 f_ema=0.8532 | pref_e=0.7245 pref_f=93.5 | diff=0.000e+00 | 1.60 step/s | ETA: 5.0h
Step  71500 (update=17875) | lr=7.161e-07 | loss=73.8472 | e_rmse=0.1737 f_rmse=0.8922 f_ema=0.8034 | pref_e=0.7292 pref_f=92.75 | diff=0.000e+00 | 1.60 step/s | ETA: 5.0h
Step  72000 (update=18000) | lr=6.918e-07 | loss=75.4967 | e_rmse=0.0637 f_rmse=0.9059 f_ema=0.8218 | pref_e=0.734 pref_f=92 | diff=0.000e+00 | 1.60 step/s | ETA: 4.9h
Step  72500 (update=18125) | lr=6.683e-07 | loss=60.2334 | e_rmse=0.0016 f_rmse=0.8125 f_ema=0.7974 | pref_e=0.7388 pref_f=91.25 | diff=0.000e+00 | 1.60 step/s | ETA: 4.8h
Step  73000 (update=18250) | lr=6.457e-07 | loss=34.2693 | e_rmse=0.0190 f_rmse=0.6154 f_ema=0.8213 | pref_e=0.7435 pref_f=90.5 | diff=0.000e+00 | 1.60 step/s | ETA: 4.7h
Step  73500 (update=18375) | lr=6.237e-07 | loss=68.2365 | e_rmse=0.0916 f_rmse=0.8719 f_ema=0.7954 | pref_e=0.7482 pref_f=89.75 | diff=0.000e+00 | 1.60 step/s | ETA: 4.6h
Step  74000 (update=18500) | lr=6.026e-07 | loss=72.2978 | e_rmse=0.0744 f_rmse=0.9013 f_ema=0.8048 | pref_e=0.753 pref_f=89 | diff=0.000e+00 | 1.60 step/s | ETA: 4.5h
Step  74500 (update=18625) | lr=5.821e-07 | loss=92.334 | e_rmse=0.1332 f_rmse=1.0228 f_ema=0.8357 | pref_e=0.7578 pref_f=88.25 | diff=0.000e+00 | 1.60 step/s | ETA: 4.4h
Step  75000 (update=18750) | lr=5.623e-07 | loss=309.759 | e_rmse=0.2511 f_rmse=1.8814 f_ema=0.8279 | pref_e=0.7625 pref_f=87.5 | diff=0.000e+00 | 1.60 step/s | ETA: 4.4h
Saved checkpoint to checkpoints_fixed/model_step75000.pt
Step  75500 (update=18875) | lr=5.433e-07 | loss=29.7682 | e_rmse=0.1634 f_rmse=0.5856 f_ema=0.8556 | pref_e=0.7672 pref_f=86.75 | diff=0.000e+00 | 1.60 step/s | ETA: 4.3h
Step  76000 (update=19000) | lr=5.248e-07 | loss=97.578 | e_rmse=0.2100 f_rmse=1.0650 f_ema=0.8180 | pref_e=0.772 pref_f=86 | diff=0.000e+00 | 1.59 step/s | ETA: 4.2h
Step  76500 (update=19125) | lr=5.070e-07 | loss=29.6142 | e_rmse=0.0050 f_rmse=0.5894 f_ema=0.7791 | pref_e=0.7768 pref_f=85.25 | diff=0.000e+00 | 1.59 step/s | ETA: 4.1h
Step  77000 (update=19250) | lr=4.898e-07 | loss=27.788 | e_rmse=0.0178 f_rmse=0.5735 f_ema=0.7950 | pref_e=0.7815 pref_f=84.5 | diff=0.000e+00 | 1.59 step/s | ETA: 4.0h
Step  77500 (update=19375) | lr=4.732e-07 | loss=66.7981 | e_rmse=0.1087 f_rmse=0.8930 f_ema=0.8342 | pref_e=0.7863 pref_f=83.75 | diff=0.000e+00 | 1.59 step/s | ETA: 3.9h
Step  78000 (update=19500) | lr=4.571e-07 | loss=41.7087 | e_rmse=0.0150 f_rmse=0.7089 f_ema=0.7694 | pref_e=0.791 pref_f=83 | diff=0.000e+00 | 1.59 step/s | ETA: 3.8h
Step  78500 (update=19625) | lr=4.416e-07 | loss=27.9841 | e_rmse=0.1106 f_rmse=0.5832 f_ema=0.8386 | pref_e=0.7958 pref_f=82.25 | diff=0.000e+00 | 1.59 step/s | ETA: 3.7h
Step  79000 (update=19750) | lr=4.266e-07 | loss=49.7997 | e_rmse=0.0511 f_rmse=0.7817 f_ema=0.7960 | pref_e=0.8005 pref_f=81.5 | diff=0.000e+00 | 1.59 step/s | ETA: 3.7h
Step  79500 (update=19875) | lr=4.121e-07 | loss=38.6106 | e_rmse=0.0591 f_rmse=0.6915 f_ema=0.8116 | pref_e=0.8053 pref_f=80.75 | diff=0.000e+00 | 1.59 step/s | ETA: 3.6h
Step  80000 (update=20000) | lr=3.981e-07 | loss=24.2064 | e_rmse=0.1275 f_rmse=0.5499 f_ema=0.8256 | pref_e=0.81 pref_f=80 | diff=0.000e+00 | 1.59 step/s | ETA: 3.5h
Saved checkpoint to checkpoints_fixed/model_step80000.pt
Step  80500 (update=20125) | lr=3.846e-07 | loss=151.305 | e_rmse=0.1324 f_rmse=1.3817 f_ema=0.8173 | pref_e=0.8148 pref_f=79.25 | diff=0.000e+00 | 1.59 step/s | ETA: 3.4h
Step  81000 (update=20250) | lr=3.715e-07 | loss=39.8707 | e_rmse=0.2573 f_rmse=0.7122 f_ema=0.8152 | pref_e=0.8195 pref_f=78.5 | diff=0.000e+00 | 1.59 step/s | ETA: 3.3h
Step  81500 (update=20375) | lr=3.589e-07 | loss=32.0289 | e_rmse=0.0325 f_rmse=0.6418 f_ema=0.8042 | pref_e=0.8242 pref_f=77.75 | diff=0.000e+00 | 1.59 step/s | ETA: 3.2h
Step  82000 (update=20500) | lr=3.467e-07 | loss=27.8606 | e_rmse=0.0258 f_rmse=0.6015 f_ema=0.8734 | pref_e=0.829 pref_f=77 | diff=0.000e+00 | 1.59 step/s | ETA: 3.1h
Step  82500 (update=20625) | lr=3.350e-07 | loss=59.4374 | e_rmse=0.0812 f_rmse=0.8829 f_ema=0.8149 | pref_e=0.8337 pref_f=76.25 | diff=0.000e+00 | 1.59 step/s | ETA: 3.1h
Step  83000 (update=20750) | lr=3.236e-07 | loss=64.9783 | e_rmse=0.0550 f_rmse=0.9277 f_ema=0.7963 | pref_e=0.8385 pref_f=75.5 | diff=0.000e+00 | 1.59 step/s | ETA: 3.0h
Step  83500 (update=20875) | lr=3.126e-07 | loss=23.5559 | e_rmse=0.1336 f_rmse=0.5612 f_ema=0.7789 | pref_e=0.8432 pref_f=74.75 | diff=0.000e+00 | 1.59 step/s | ETA: 2.9h
Step  84000 (update=21000) | lr=3.020e-07 | loss=28.9967 | e_rmse=0.1549 f_rmse=0.6258 f_ema=0.8491 | pref_e=0.848 pref_f=74 | diff=0.000e+00 | 1.59 step/s | ETA: 2.8h
Step  84500 (update=21125) | lr=2.917e-07 | loss=63.1566 | e_rmse=0.0242 f_rmse=0.9285 f_ema=0.7939 | pref_e=0.8528 pref_f=73.25 | diff=0.000e+00 | 1.59 step/s | ETA: 2.7h
Step  85000 (update=21250) | lr=2.818e-07 | loss=24.7849 | e_rmse=0.0596 f_rmse=0.5847 f_ema=0.7833 | pref_e=0.8575 pref_f=72.5 | diff=0.000e+00 | 1.59 step/s | ETA: 2.6h
Saved checkpoint to checkpoints_fixed/model_step85000.pt
Step  85500 (update=21375) | lr=2.723e-07 | loss=26.318 | e_rmse=0.0692 f_rmse=0.6056 f_ema=0.7931 | pref_e=0.8622 pref_f=71.75 | diff=0.000e+00 | 1.59 step/s | ETA: 2.5h
Step  86000 (update=21500) | lr=2.630e-07 | loss=25.6711 | e_rmse=0.0174 f_rmse=0.6013 f_ema=0.8134 | pref_e=0.867 pref_f=71 | diff=0.000e+00 | 1.59 step/s | ETA: 2.4h
Step  86500 (update=21625) | lr=2.541e-07 | loss=23.1007 | e_rmse=0.0070 f_rmse=0.5734 f_ema=0.8141 | pref_e=0.8718 pref_f=70.25 | diff=0.000e+00 | 1.59 step/s | ETA: 2.4h
Step  87000 (update=21750) | lr=2.455e-07 | loss=23.293 | e_rmse=0.1925 f_rmse=0.5785 f_ema=0.8308 | pref_e=0.8765 pref_f=69.5 | diff=0.000e+00 | 1.59 step/s | ETA: 2.3h
Step  87500 (update=21875) | lr=2.371e-07 | loss=24.9224 | e_rmse=0.0933 f_rmse=0.6020 f_ema=0.8266 | pref_e=0.8812 pref_f=68.75 | diff=0.000e+00 | 1.59 step/s | ETA: 2.2h
Step  88000 (update=22000) | lr=2.291e-07 | loss=25.5503 | e_rmse=0.0130 f_rmse=0.6130 f_ema=0.7989 | pref_e=0.886 pref_f=68 | diff=0.000e+00 | 1.59 step/s | ETA: 2.1h
Step  88500 (update=22125) | lr=2.213e-07 | loss=22.3623 | e_rmse=0.0093 f_rmse=0.5766 f_ema=0.8136 | pref_e=0.8908 pref_f=67.25 | diff=0.000e+00 | 1.59 step/s | ETA: 2.0h
Step  89000 (update=22250) | lr=2.138e-07 | loss=31.162 | e_rmse=0.0373 f_rmse=0.6845 f_ema=0.8200 | pref_e=0.8955 pref_f=66.5 | diff=0.000e+00 | 1.59 step/s | ETA: 1.9h
Step  89500 (update=22375) | lr=2.065e-07 | loss=23.0898 | e_rmse=0.0895 f_rmse=0.5925 f_ema=0.8143 | pref_e=0.9002 pref_f=65.75 | diff=0.000e+00 | 1.59 step/s | ETA: 1.8h
Step  90000 (update=22500) | lr=1.995e-07 | loss=28.0691 | e_rmse=0.0048 f_rmse=0.6571 f_ema=0.8294 | pref_e=0.905 pref_f=65 | diff=0.000e+00 | 1.59 step/s | ETA: 1.8h
Saved checkpoint to checkpoints_fixed/model_step90000.pt
Step  90500 (update=22625) | lr=1.928e-07 | loss=92.3748 | e_rmse=0.0025 f_rmse=1.1991 f_ema=0.8056 | pref_e=0.9098 pref_f=64.25 | diff=0.000e+00 | 1.59 step/s | ETA: 1.7h
Step  91000 (update=22750) | lr=1.862e-07 | loss=50.2712 | e_rmse=0.0677 f_rmse=0.8897 f_ema=0.7928 | pref_e=0.9145 pref_f=63.5 | diff=0.000e+00 | 1.59 step/s | ETA: 1.6h
Step  91500 (update=22875) | lr=1.799e-07 | loss=23.1444 | e_rmse=0.0661 f_rmse=0.6073 f_ema=0.8336 | pref_e=0.9193 pref_f=62.75 | diff=0.000e+00 | 1.59 step/s | ETA: 1.5h
Step  92000 (update=23000) | lr=1.738e-07 | loss=21.3683 | e_rmse=0.0773 f_rmse=0.5870 f_ema=0.8140 | pref_e=0.924 pref_f=62 | diff=0.000e+00 | 1.58 step/s | ETA: 1.4h
Step  92500 (update=23125) | lr=1.679e-07 | loss=26.6835 | e_rmse=0.0385 f_rmse=0.6600 f_ema=0.8298 | pref_e=0.9288 pref_f=61.25 | diff=0.000e+00 | 1.58 step/s | ETA: 1.3h
Step  93000 (update=23250) | lr=1.622e-07 | loss=54.3115 | e_rmse=0.0552 f_rmse=0.9475 f_ema=0.7769 | pref_e=0.9335 pref_f=60.5 | diff=0.000e+00 | 1.58 step/s | ETA: 1.2h
Step  93500 (update=23375) | lr=1.567e-07 | loss=22.1148 | e_rmse=0.0189 f_rmse=0.6084 f_ema=0.7670 | pref_e=0.9383 pref_f=59.75 | diff=0.000e+00 | 1.57 step/s | ETA: 1.1h
Step  94000 (update=23500) | lr=1.514e-07 | loss=17.9959 | e_rmse=0.0730 f_rmse=0.5522 f_ema=0.8671 | pref_e=0.943 pref_f=59 | diff=0.000e+00 | 1.57 step/s | ETA: 1.1h
