已重命名 '/home/ubuntu/pj/cuda_training_20251227_232100.log' -> '/home/ubuntu/pj/useless/inactive_runs_20251228-232725/logs/cuda_training_20251227_232100.log'
已重命名 '/home/ubuntu/pj/cuda_training_batch8.log' -> '/home/ubuntu/pj/useless/inactive_runs_20251228-232725/logs/cuda_training_batch8.log'
已重命名 '/home/ubuntu/pj/cuda_training_session.log' -> '/home/ubuntu/pj/useless/inactive_runs_20251228-232725/logs/cuda_training_session.log'
SKIP non-training log: test_batch4.log
已重命名 '/home/ubuntu/pj/quick_test_new.log' -> '/home/ubuntu/pj/useless/inactive_runs_20251228-232725/logs/quick_test_new.log'
已重命名 '/home/ubuntu/pj/quick_test.log' -> '/home/ubuntu/pj/useless/inactive_runs_20251228-232725/logs/quick_test.log'
SKIP non-training log: diagnosis_20251228_022607.log
已重命名 '/home/ubuntu/pj/training_example.log' -> '/home/ubuntu/pj/useless/inactive_runs_20251228-232725/logs/training_example.log'
SKIP non-training log: train_example_quick.log
已重命名 '/home/ubuntu/pj/training_optimized_20251228_130907.log' -> '/home/ubuntu/pj/useless/inactive_runs_20251228-232725/logs/training_optimized_20251228_130907.log'
已重命名 '/home/ubuntu/pj/training_optimized_final.log' -> '/home/ubuntu/pj/useless/inactive_runs_20251228-232725/logs/training_optimized_final.log'
已重命名 '/home/ubuntu/pj/cuda_training_simple.log' -> '/home/ubuntu/pj/useless/inactive_runs_20251228-232725/logs/cuda_training_simple.log'
已重命名 '/home/ubuntu/pj/cuda_training_opt_20251227-213738.log' -> '/home/ubuntu/pj/useless/inactive_runs_20251228-232725/logs/cuda_training_opt_20251227-213738.log'
已重命名 '/home/ubuntu/pj/cuda_training_optimized.log' -> '/home/ubuntu/pj/useless/inactive_runs_20251228-232725/logs/cuda_training_optimized.log'
SKIP non-training log: long_run.log
已重命名 '/home/ubuntu/pj/cuda_training_final.log' -> '/home/ubuntu/pj/useless/inactive_runs_20251228-232725/logs/cuda_training_final.log'
已重命名 '/home/ubuntu/pj/training_example_test.log' -> '/home/ubuntu/pj/useless/inactive_runs_20251228-232725/logs/training_example_test.log'
已重命名 '/home/ubuntu/pj/quick_train.log' -> '/home/ubuntu/pj/useless/inactive_runs_20251228-232725/logs/quick_train.log'
已重命名 '/home/ubuntu/pj/training_full_optimized.log' -> '/home/ubuntu/pj/useless/inactive_runs_20251228-232725/logs/training_full_optimized.log'
已重命名 '/home/ubuntu/pj/cuda_training_20251227_231706.log' -> '/home/ubuntu/pj/useless/inactive_runs_20251228-232725/logs/cuda_training_20251227_231706.log'
已重命名 '/home/ubuntu/pj/cuda_training_opt_20251227-213800.log' -> '/home/ubuntu/pj/useless/inactive_runs_20251228-232725/logs/cuda_training_opt_20251227-213800.log'
SKIP non-training log: test_examples.log
已重命名 '/home/ubuntu/pj/training.log' -> '/home/ubuntu/pj/useless/inactive_runs_20251228-232725/logs/training.log'
SKIP non-training log: train_bg.log
已重命名 '/home/ubuntu/pj/training_optimized_20251228_130754.log' -> '/home/ubuntu/pj/useless/inactive_runs_20251228-232725/logs/training_optimized_20251228_130754.log'
已重命名 '/home/ubuntu/pj/checkpoints_optimized' -> '/home/ubuntu/pj/useless/inactive_runs_20251228-232725/checkpoints/checkpoints_optimized'
已重命名 '/home/ubuntu/pj/checkpoints_cuda_test' -> '/home/ubuntu/pj/useless/inactive_runs_20251228-232725/checkpoints/checkpoints_cuda_test'
SKIP example/quick ckpt: checkpoints_quick_test
已重命名 '/home/ubuntu/pj/checkpoints_optimized_v2' -> '/home/ubuntu/pj/useless/inactive_runs_20251228-232725/checkpoints/checkpoints_optimized_v2'
已重命名 '/home/ubuntu/pj/checkpoints' -> '/home/ubuntu/pj/useless/inactive_runs_20251228-232725/checkpoints/checkpoints'
已重命名 '/home/ubuntu/pj/checkpoints_cuda_opt' -> '/home/ubuntu/pj/useless/inactive_runs_20251228-232725/checkpoints/checkpoints_cuda_opt'
SKIP example/quick ckpt: checkpoints_example_test
已重命名 '/home/ubuntu/pj/checkpoints_cuda' -> '/home/ubuntu/pj/useless/inactive_runs_20251228-232725/checkpoints/checkpoints_cuda'
SKIP example/quick ckpt: checkpoints_example
\n=== Backup Summary (20251228-232725) ===
Active names: none
Logs moved to: /home/ubuntu/pj/useless/inactive_runs_20251228-232725/logs
Checkpoints moved to: /home/ubuntu/pj/useless/inactive_runs_20251228-232725/checkpoints
